Component: ARM Compiler 5.06 update 6 (build 750) Tool: armlink [4d35ed]

==============================================================================

Section Cross References

    main.o(i.main) refers to bsp.o(i.bsp_init) for bsp_init
    main.o(i.main) refers to bsp_pe4302.o(i.pe4302_a_set) for pe4302_a_set
    main.o(i.main) refers to app.o(i.AD9833_Set_Fre_app) for AD9833_Set_Fre_app
    main.o(i.main) refers to bsp_lcd.o(i.LCD_Clear) for LCD_Clear
    main.o(i.main) refers to bsp_lcd.o(i.LCD_ShowString) for LCD_ShowString
    main.o(i.main) refers to app.o(i.amp_freq_curve) for amp_freq_curve
    main.o(i.main) refers to bsp_key.o(i.key_scan) for key_scan
    main.o(i.main) refers to app.o(i.res_judge) for res_judge
    main.o(i.main) refers to app.o(i.display_menu_B) for display_menu_B
    main.o(i.main) refers to app.o(i.cut_cap) for cut_cap
    main.o(i.main) refers to app.o(i.c3_fres) for c3_fres
    main.o(i.main) refers to printfa.o(i.__0printf) for __2printf
    main.o(i.main) refers to app.o(i.c2_fres) for c2_fres
    main.o(i.main) refers to delay.o(i.delay_ms) for delay_ms
    main.o(i.main) refers to app.o(i.display_menu) for display_menu
    main.o(i.main) refers to app.o(i.update_display) for update_display
    main.o(i.main) refers to app.o(.data) for r1_status
    main.o(i.main) refers to main.o(.data) for .data
    system_stm32f4xx.o(i.SystemCoreClockUpdate) refers to system_stm32f4xx.o(.data) for .data
    system_stm32f4xx.o(i.SystemInit) refers to system_stm32f4xx.o(i.SetSysClock) for SetSysClock
    app.o(i.AD9833_Set_Fre_app) refers to ad9833_spi.o(i.freq_trl_word) for freq_trl_word
    app.o(i.AD9833_Set_Fre_app) refers to ad9833_spi.o(i.AD9833_SetFrequency) for AD9833_SetFrequency
    app.o(i.DAC_Test_app) refers to bsp_dac.o(i.dac1_SetSinWave) for dac1_SetSinWave
    app.o(i.DAC_Test_app) refers to bsp_dac.o(.bss) for g_DAC1
    app.o(i.FFT_Test_app) refers to bsp_dsp_fft.o(i.arm_rfft_fast_f32_app) for arm_rfft_fast_f32_app
    app.o(i.FFT_Test_app) refers to bsp_lcd.o(i.LCD_DrawLine) for LCD_DrawLine
    app.o(i.FFT_Test_app) refers to delay.o(i.delay_ms) for delay_ms
    app.o(i.FFT_Test_app) refers to bsp_lcd.o(i.LCD_Clear) for LCD_Clear
    app.o(i.FFT_Test_app) refers to bsp_adc.o(.bss) for uhADCDualConvertedValue
    app.o(i.FFT_Test_app) refers to bsp_dsp_fft.o(.bss) for testInput_fft_2048
    app.o(i.FFT_Test_app) refers to bsp_dsp_fft.o(.data) for testOutput_fft_2048
    app.o(i.Get_adc1_amp) refers to bsp_adc.o(i.Get_ADC1_Voltage) for Get_ADC1_Voltage
    app.o(i.Get_adc1_amp) refers to dfltui.o(.text) for __aeabi_ui2d
    app.o(i.Get_adc1_amp) refers to dmul.o(.text) for __aeabi_dmul
    app.o(i.Get_adc1_amp) refers to ddiv.o(.text) for __aeabi_ddiv
    app.o(i.Get_adc1_amp) refers to d2f.o(.text) for __aeabi_d2f
    app.o(i.Get_adc1_amp) refers to app.o(.bss) for .bss
    app.o(i.Get_adc1_ch7_amp) refers to bsp_adc.o(i.Get_ADC1Voltage) for Get_ADC1Voltage
    app.o(i.Get_adc1_ch7_amp) refers to dfltui.o(.text) for __aeabi_ui2d
    app.o(i.Get_adc1_ch7_amp) refers to dmul.o(.text) for __aeabi_dmul
    app.o(i.Get_adc1_ch7_amp) refers to ddiv.o(.text) for __aeabi_ddiv
    app.o(i.Get_adc1_ch7_amp) refers to d2f.o(.text) for __aeabi_d2f
    app.o(i.Get_adc1_ch7_amp) refers to app.o(.bss) for .bss
    app.o(i.Get_adc_amp) refers to bsp_adc.o(i.Get_Voltage) for Get_Voltage
    app.o(i.Get_adc_amp) refers to dfltui.o(.text) for __aeabi_ui2d
    app.o(i.Get_adc_amp) refers to dmul.o(.text) for __aeabi_dmul
    app.o(i.Get_adc_amp) refers to ddiv.o(.text) for __aeabi_ddiv
    app.o(i.Get_adc_amp) refers to d2f.o(.text) for __aeabi_d2f
    app.o(i.Get_adc_amp) refers to app.o(.bss) for .bss
    app.o(i.amp_freq_curve) refers to app.o(i.measure_select) for measure_select
    app.o(i.amp_freq_curve) refers to delay.o(i.delay_ms) for delay_ms
    app.o(i.amp_freq_curve) refers to app.o(i.AD9833_Set_Fre_app) for AD9833_Set_Fre_app
    app.o(i.amp_freq_curve) refers to bsp_adc.o(i.Get_ADC2_Voltage) for Get_ADC2_Voltage
    app.o(i.amp_freq_curve) refers to dfltui.o(.text) for __aeabi_ui2d
    app.o(i.amp_freq_curve) refers to dmul.o(.text) for __aeabi_dmul
    app.o(i.amp_freq_curve) refers to dfixui.o(.text) for __aeabi_d2uiz
    app.o(i.amp_freq_curve) refers to printfa.o(i.__0printf) for __2printf
    app.o(i.amp_freq_curve) refers to bsp_lcd.o(i.LCD_Fast_DrawPoint) for LCD_Fast_DrawPoint
    app.o(i.amp_freq_curve) refers to bsp_lcd.o(i.LCD_DrawLine_color) for LCD_DrawLine_color
    app.o(i.amp_freq_curve) refers to bsp_lcd.o(i.LCD_ShowString) for LCD_ShowString
    app.o(i.amp_freq_curve) refers to bsp_lcd.o(i.LCD_ShowNum) for LCD_ShowNum
    app.o(i.amp_freq_curve) refers to app.o(.data) for .data
    app.o(i.amp_freq_curve_new) refers to app.o(i.measure_select) for measure_select
    app.o(i.amp_freq_curve_new) refers to delay.o(i.delay_ms) for delay_ms
    app.o(i.amp_freq_curve_new) refers to app.o(i.AD9833_Set_Fre_app) for AD9833_Set_Fre_app
[...]
    .text                                    0x0800055e   Section        0  iusefp.o(.text)
    .text                                    0x0800055e   Section        0  fepilogue.o(.text)
    .text                                    0x080005cc   Section        0  depilogue.o(.text)
    .text                                    0x08000686   Section        0  dadd.o(.text)
    .text                                    0x080007d4   Section        0  dsqrt.o(.text)
    .text                                    0x08000876   Section        0  dfixul.o(.text)
    .text                                    0x080008a8   Section       36  init.o(.text)
    .text                                    0x080008cc   Section        0  llshl.o(.text)
    .text                                    0x080008ea   Section        0  llsshr.o(.text)
    i.AD9833_Init                            0x0800090e   Section        0  ad9833_spi.o(i.AD9833_Init)
    i.AD9833_SetFrequency                    0x08000924   Section        0  ad9833_spi.o(i.AD9833_SetFrequency)
    i.AD9833_SetRegisterValue                0x08000958   Section        0  ad9833_spi.o(i.AD9833_SetRegisterValue)
    i.AD9833_Set_Fre_app                     0x0800098c   Section        0  app.o(i.AD9833_Set_Fre_app)
    i.ADC_Cmd                                0x080009a2   Section        0  stm32f4xx_adc.o(i.ADC_Cmd)
    i.ADC_CommonInit                         0x080009bc   Section        0  stm32f4xx_adc.o(i.ADC_CommonInit)
    i.ADC_DMACmd                             0x080009e4   Section        0  stm32f4xx_adc.o(i.ADC_DMACmd)
    i.ADC_GetConversionValue                 0x080009fc   Section        0  stm32f4xx_adc.o(i.ADC_GetConversionValue)
    i.ADC_GetFlagStatus                      0x08000a02   Section        0  stm32f4xx_adc.o(i.ADC_GetFlagStatus)
    i.ADC_Init                               0x08000a10   Section        0  stm32f4xx_adc.o(i.ADC_Init)
    i.ADC_MultiModeDMARequestAfterLastTransferCmd 0x08000a5c   Section        0  stm32f4xx_adc.o(i.ADC_MultiModeDMARequestAfterLastTransferCmd)
    i.ADC_RegularChannelConfig               0x08000a84   Section        0  stm32f4xx_adc.o(i.ADC_RegularChannelConfig)
    i.ADC_SoftwareStartConv                  0x08000af8   Section        0  stm32f4xx_adc.o(i.ADC_SoftwareStartConv)
    i.BusFault_Handler                       0x08000b02   Section        0  stm32f4xx_it.o(i.BusFault_Handler)
    i.CT_Delay                               0x08000b04   Section        0  bsp_ctiic.o(i.CT_Delay)
    i.CT_IIC_Ack                             0x08000b0c   Section        0  bsp_ctiic.o(i.CT_IIC_Ack)
    i.CT_IIC_Init                            0x08000b44   Section        0  bsp_ctiic.o(i.CT_IIC_Init)
    i.CT_IIC_NAck                            0x08000b70   Section        0  bsp_ctiic.o(i.CT_IIC_NAck)
    i.CT_IIC_Read_Byte                       0x08000ba8   Section        0  bsp_ctiic.o(i.CT_IIC_Read_Byte)
    i.CT_IIC_Send_Byte                       0x08000c10   Section        0  bsp_ctiic.o(i.CT_IIC_Send_Byte)
    i.CT_IIC_Start                           0x08000c68   Section        0  bsp_ctiic.o(i.CT_IIC_Start)
    i.CT_IIC_Stop                            0x08000ca0   Section        0  bsp_ctiic.o(i.CT_IIC_Stop)
    i.CT_IIC_Wait_Ack                        0x08000cd4   Section        0  bsp_ctiic.o(i.CT_IIC_Wait_Ack)
    i.DAC_Cmd                                0x08000d24   Section        0  stm32f4xx_dac.o(i.DAC_Cmd)
    i.DAC_Init                               0x08000d44   Section        0  stm32f4xx_dac.o(i.DAC_Init)
    i.DMA_Cmd                                0x08000d6c   Section        0  stm32f4xx_dma.o(i.DMA_Cmd)
    i.DMA_Init                               0x08000d84   Section        0  stm32f4xx_dma.o(i.DMA_Init)
    i.DebugMon_Handler                       0x08000dd8   Section        0  stm32f4xx_it.o(i.DebugMon_Handler)
    i.FSMC_NORSRAMCmd                        0x08000ddc   Section        0  stm32f4xx_fsmc.o(i.FSMC_NORSRAMCmd)
    i.FSMC_NORSRAMInit                       0x08000e00   Section        0  stm32f4xx_fsmc.o(i.FSMC_NORSRAMInit)
    i.FT6236_Init                            0x08000ecc   Section        0  bsp_ft6236.o(i.FT6236_Init)
    i.FT6236_RD_Reg                          0x08000f74   Section        0  bsp_ft6236.o(i.FT6236_RD_Reg)
    i.FT6236_Scan                            0x08000fcc   Section        0  bsp_ft6236.o(i.FT6236_Scan)
    i.FT6236_WR_Reg                          0x08001128   Section        0  bsp_ft6236.o(i.FT6236_WR_Reg)
    i.GPIO_AD9833_Configuration              0x08001174   Section        0  ad9833_spi.o(i.GPIO_AD9833_Configuration)
    i.GPIO_Init                              0x080011a4   Section        0  stm32f4xx_gpio.o(i.GPIO_Init)
    i.GPIO_PinAFConfig                       0x08001220   Section        0  stm32f4xx_gpio.o(i.GPIO_PinAFConfig)
    i.GPIO_ResetBits                         0x08001240   Section        0  stm32f4xx_gpio.o(i.GPIO_ResetBits)
    i.GPIO_SetBits                           0x08001244   Section        0  stm32f4xx_gpio.o(i.GPIO_SetBits)
    i.GPIO_WriteBit                          0x08001248   Section        0  stm32f4xx_gpio.o(i.GPIO_WriteBit)
    i.Get_ADC1Voltage                        0x08001254   Section        0  bsp_adc.o(i.Get_ADC1Voltage)
    i.Get_ADC1_Voltage                       0x08001284   Section        0  bsp_adc.o(i.Get_ADC1_Voltage)
    i.Get_ADC2_Average                       0x080012b4   Section        0  bsp_adc.o(i.Get_ADC2_Average)
    i.Get_ADC2_Voltage                       0x080012d4   Section        0  bsp_adc.o(i.Get_ADC2_Voltage)
    i.Get_Voltage                            0x08001304   Section        0  bsp_adc.o(i.Get_Voltage)
    i.Get_adc1_amp                           0x08001334   Section        0  app.o(i.Get_adc1_amp)
    i.Get_adc_amp                            0x0800142c   Section        0  app.o(i.Get_adc_amp)
    i.HardFault_Handler                      0x08001524   Section        0  stm32f4xx_it.o(i.HardFault_Handler)
    i.LCD_Clear                              0x08001528   Section        0  bsp_lcd.o(i.LCD_Clear)
    i.LCD_Display_Dir                        0x08001550   Section        0  bsp_lcd.o(i.LCD_Display_Dir)
    i.LCD_DrawLine                           0x08001590   Section        0  bsp_lcd.o(i.LCD_DrawLine)
    i.LCD_DrawLine_color                     0x08001628   Section        0  bsp_lcd.o(i.LCD_DrawLine_color)
    i.LCD_DrawPoint                          0x080016c4   Section        0  bsp_lcd.o(i.LCD_DrawPoint)
    i.LCD_DrawRectangle                      0x080016e0   Section        0  bsp_lcd.o(i.LCD_DrawRectangle)
    i.LCD_Draw_Circle                        0x0800171e   Section        0  bsp_lcd.o(i.LCD_Draw_Circle)
    i.LCD_Fast_DrawPoint                     0x080017d2   Section        0  bsp_lcd.o(i.LCD_Fast_DrawPoint)
    i.LCD_Init                               0x08001828   Section        0  bsp_lcd.o(i.LCD_Init)
    i.LCD_Pow                                0x08001db8   Section        0  bsp_lcd.o(i.LCD_Pow)
    i.LCD_RD_DATA                            0x08001dc8   Section        0  bsp_lcd.o(i.LCD_RD_DATA)
    i.LCD_ReadReg                            0x08001ddc   Section        0  bsp_lcd.o(i.LCD_ReadReg)
    i.LCD_Scan_Dir                           0x08001df0   Section        0  bsp_lcd.o(i.LCD_Scan_Dir)
    i.LCD_SetCursor                          0x08001e78   Section        0  bsp_lcd.o(i.LCD_SetCursor)
    i.LCD_Set_Window                         0x08001ec8   Section        0  bsp_lcd.o(i.LCD_Set_Window)
    i.LCD_ShowChar                           0x08001f18   Section        0  bsp_lcd.o(i.LCD_ShowChar)
    i.LCD_ShowNum                            0x08001ff8   Section        0  bsp_lcd.o(i.LCD_ShowNum)
    i.LCD_ShowString                         0x08002074   Section        0  bsp_lcd.o(i.LCD_ShowString)
    i.LCD_WR_DATA                            0x080020c8   Section        0  bsp_lcd.o(i.LCD_WR_DATA)
    i.LCD_WR_REG                             0x080020e0   Section        0  bsp_lcd.o(i.LCD_WR_REG)
    i.LCD_WriteRAM_Prepare                   0x080020f8   Section        0  bsp_lcd.o(i.LCD_WriteRAM_Prepare)
    i.LCD_WriteREG_Prepare                   0x08002114   Section        0  bsp_lcd.o(i.LCD_WriteREG_Prepare)
    i.LCD_WriteReg                           0x0800211c   Section        0  bsp_lcd.o(i.LCD_WriteReg)
    i.M_SPI_Init                             0x0800212c   Section        0  ad9833_spi.o(i.M_SPI_Init)
    i.MemManage_Handler                      0x08002158   Section        0  stm32f4xx_it.o(i.MemManage_Handler)
    i.NMI_Handler                            0x0800215a   Section        0  stm32f4xx_it.o(i.NMI_Handler)
    i.NVIC_Init                              0x0800215c   Section        0  misc.o(i.NVIC_Init)
    i.PendSV_Handler                         0x080021c4   Section        0  stm32f4xx_it.o(i.PendSV_Handler)
    i.RCC_AHB1PeriphClockCmd                 0x080021c8   Section        0  stm32f4xx_rcc.o(i.RCC_AHB1PeriphClockCmd)
    i.RCC_AHB3PeriphClockCmd                 0x080021e4   Section        0  stm32f4xx_rcc.o(i.RCC_AHB3PeriphClockCmd)
    i.RCC_APB1PeriphClockCmd                 0x08002200   Section        0  stm32f4xx_rcc.o(i.RCC_APB1PeriphClockCmd)
    i.RCC_APB2PeriphClockCmd                 0x0800221c   Section        0  stm32f4xx_rcc.o(i.RCC_APB2PeriphClockCmd)
    i.RCC_GetClocksFreq                      0x08002238   Section        0  stm32f4xx_rcc.o(i.RCC_GetClocksFreq)
    i.Read_ID                                0x080022d8   Section        0  bsp_lcd.o(i.Read_ID)
    i.SPI2_IRQHandler                        0x08002300   Section        0  bsp_spi.o(i.SPI2_IRQHandler)
    i.SPI_I2S_GetFlagStatus                  0x08002334   Section        0  stm32f4xx_spi.o(i.SPI_I2S_GetFlagStatus)
    i.SPI_I2S_ReceiveData                    0x08002342   Section        0  stm32f4xx_spi.o(i.SPI_I2S_ReceiveData)
    i.SPI_Write                              0x08002348   Section        0  ad9833_spi.o(i.SPI_Write)
    i.SVC_Handler                            0x080023a4   Section        0  stm32f4xx_it.o(i.SVC_Handler)
    i.SetSysClock                            0x080023a8   Section        0  system_stm32f4xx.o(i.SetSysClock)
    SetSysClock                              0x080023a9   Thumb Code   168  system_stm32f4xx.o(i.SetSysClock)
    i.SysTick_CLKSourceConfig                0x08002460   Section        0  misc.o(i.SysTick_CLKSourceConfig)
    i.SysTick_Handler                        0x0800247c   Section        0  stm32f4xx_it.o(i.SysTick_Handler)
    i.SystemInit                             0x08002480   Section        0  system_stm32f4xx.o(i.SystemInit)
    i.TIM2_IRQHandler                        0x080024dc   Section        0  bsp_timer.o(i.TIM2_IRQHandler)
    i.TIM3_IRQHandler                        0x08002590   Section        0  bsp_timer.o(i.TIM3_IRQHandler)
    i.TIM4_IRQHandler                        0x080025d0   Section        0  bsp_timer.o(i.TIM4_IRQHandler)
    i.TIM_ClearITPendingBit                  0x08002654   Section        0  stm32f4xx_tim.o(i.TIM_ClearITPendingBit)
    i.TIM_GetCapture1                        0x0800265a   Section        0  stm32f4xx_tim.o(i.TIM_GetCapture1)
    i.TIM_GetCapture2                        0x0800265e   Section        0  stm32f4xx_tim.o(i.TIM_GetCapture2)
    i.TIM_GetCapture3                        0x08002662   Section        0  stm32f4xx_tim.o(i.TIM_GetCapture3)
    i.TIM_GetCapture4                        0x08002666   Section        0  stm32f4xx_tim.o(i.TIM_GetCapture4)
    i.TIM_GetITStatus                        0x0800266a   Section        0  stm32f4xx_tim.o(i.TIM_GetITStatus)
    i.TIM_SetCompare1                        0x08002682   Section        0  stm32f4xx_tim.o(i.TIM_SetCompare1)
    i.TIM_SetCompare2                        0x08002686   Section        0  stm32f4xx_tim.o(i.TIM_SetCompare2)
    i.TIM_SetCompare3                        0x0800268a   Section        0  stm32f4xx_tim.o(i.TIM_SetCompare3)
    i.TIM_SetCompare4                        0x0800268e   Section        0  stm32f4xx_tim.o(i.TIM_SetCompare4)
    i.TP_Adj_Info_Show                       0x08002694   Section        0  bsp_touch.o(i.TP_Adj_Info_Show)
    i.TP_Adjust                              0x08002808   Section        0  bsp_touch.o(i.TP_Adjust)
    i.TP_Drow_Touch_Point                    0x08002e50   Section        0  bsp_touch.o(i.TP_Drow_Touch_Point)
    i.TP_Init                                0x08002ec4   Section        0  bsp_touch.o(i.TP_Init)
    i.TP_Read_AD                             0x08002ef4   Section        0  bsp_touch.o(i.TP_Read_AD)
    i.TP_Read_XOY                            0x08002f70   Section        0  bsp_touch.o(i.TP_Read_XOY)
    i.TP_Read_XY                             0x08002fd4   Section        0  bsp_touch.o(i.TP_Read_XY)
    i.TP_Read_XY2                            0x08002ffc   Section        0  bsp_touch.o(i.TP_Read_XY2)
    i.TP_Scan                                0x08003084   Section        0  bsp_touch.o(i.TP_Scan)
    i.TP_Write_Byte                          0x08003144   Section        0  bsp_touch.o(i.TP_Write_Byte)
    i.UART4_IRQHandler                       0x0800318c   Section        0  bsp_ch9121.o(i.UART4_IRQHandler)
    i.USART1_IRQHandler                      0x080031e0   Section        0  usart.o(i.USART1_IRQHandler)
    i.USART3_IRQHandler                      0x08003248   Section        0  bsp_esp8266.o(i.USART3_IRQHandler)
    i.USART6_IRQHandler                      0x080032e4   Section        0  bsp_uart6.o(i.USART6_IRQHandler)
    i.USART_Cmd                              0x08003318   Section        0  stm32f4xx_usart.o(i.USART_Cmd)
    i.USART_GetITStatus                      0x08003330   Section        0  stm32f4xx_usart.o(i.USART_GetITStatus)
    i.USART_ITConfig                         0x08003370   Section        0  stm32f4xx_usart.o(i.USART_ITConfig)
    i.USART_Init                             0x080033a8   Section        0  stm32f4xx_usart.o(i.USART_Init)
    i.USART_ReceiveData                      0x08003464   Section        0  stm32f4xx_usart.o(i.USART_ReceiveData)
    i.USART_SendData                         0x0800346c   Section        0  stm32f4xx_usart.o(i.USART_SendData)
    i.UsageFault_Handler                     0x08003474   Section        0  stm32f4xx_it.o(i.UsageFault_Handler)
    i.__0printf                              0x08003478   Section        0  printfa.o(i.__0printf)
    i.__hardfp_sqrt                          0x08003498   Section        0  sqrt_full.o(i.__hardfp_sqrt)
    i.__scatterload_copy                     0x08003512   Section       14  handlers.o(i.__scatterload_copy)
    i.__scatterload_null                     0x08003520   Section        2  handlers.o(i.__scatterload_null)
    i.__scatterload_zeroinit                 0x08003522   Section       14  handlers.o(i.__scatterload_zeroinit)
    i.__set_errno                            0x08003530   Section        0  errno.o(i.__set_errno)
    i._fp_digits                             0x0800353c   Section        0  printfa.o(i._fp_digits)
    _fp_digits                               0x0800353d   Thumb Code   366  printfa.o(i._fp_digits)
    i._printf_core                           0x080036c0   Section        0  printfa.o(i._printf_core)
    _printf_core                             0x080036c1   Thumb Code  1744  printfa.o(i._printf_core)
    i._printf_post_padding                   0x08003d9c   Section        0  printfa.o(i._printf_post_padding)
    _printf_post_padding                     0x08003d9d   Thumb Code    36  printfa.o(i._printf_post_padding)
    i._printf_pre_padding                    0x08003dc0   Section        0  printfa.o(i._printf_pre_padding)
    _printf_pre_padding                      0x08003dc1   Thumb Code    46  printfa.o(i._printf_pre_padding)
    i.adc1_channel_init                      0x08003df0   Section        0  bsp_adc.o(i.adc1_channel_init)
    i.amp_freq_curve                         0x08003eb0   Section        0  app.o(i.amp_freq_curve)
    i.bsp_InitADC                            0x08004068   Section        0  bsp_adc.o(i.bsp_InitADC)
    i.bsp_InitDAC1                           0x08004264   Section        0  bsp_dac.o(i.bsp_InitDAC1)
    i.bsp_InitDAC2                           0x080042b0   Section        0  bsp_dac.o(i.bsp_InitDAC2)
    i.bsp_init                               0x080042fc   Section        0  bsp.o(i.bsp_init)
    i.c2_fres                                0x0800435c   Section        0  app.o(i.c2_fres)
    i.c3_fres                                0x080043b0   Section        0  app.o(i.c3_fres)
    i.cut_cap                                0x08004404   Section        0  app.o(i.cut_cap)
    i.delay_init                             0x080046bc   Section        0  delay.o(i.delay_init)
    i.delay_ms                               0x080046e8   Section        0  delay.o(i.delay_ms)
    i.delay_us                               0x0800471c   Section        0  delay.o(i.delay_us)
    i.delay_xms                              0x08004750   Section        0  delay.o(i.delay_xms)
    i.display_menu                           0x08004784   Section        0  app.o(i.display_menu)
    i.display_menu_B                         0x0800488c   Section        0  app.o(i.display_menu_B)
    i.fputc                                  0x080049c8   Section        0  usart.o(i.fputc)
    i.freq_trl_word                          0x080049dc   Section        0  ad9833_spi.o(i.freq_trl_word)
    i.gain_calc                              0x08004a00   Section        0  app.o(i.gain_calc)
    i.hmc472_init                            0x08004a58   Section        0  bsp_hmc472a.o(i.hmc472_init)
    i.init_key                               0x08004ad4   Section        0  bsp_key.o(i.init_key)
    i.input_res_calc                         0x08004b20   Section        0  app.o(i.input_res_calc)
    i.key_scan                               0x08004c24   Section        0  bsp_key.o(i.key_scan)
    i.led_gpio_init                          0x08004ca0   Section        0  bsp_led.o(i.led_gpio_init)
    i.main                                   0x08004ce0   Section        0  main.o(i.main)
    i.measure_select                         0x0800504c   Section        0  app.o(i.measure_select)
    i.output_res_calc                        0x08005134   Section        0  app.o(i.output_res_calc)
    i.pe4302_a_set                           0x0800523c   Section        0  bsp_pe4302.o(i.pe4302_a_set)
    i.pe4302_gpio_init                       0x080052c0   Section        0  bsp_pe4302.o(i.pe4302_gpio_init)
    i.res_judge                              0x0800532c   Section        0  app.o(i.res_judge)
    i.spi_read_byte                          0x0800576c   Section        0  bsp_spi.o(i.spi_read_byte)
    i.uart_init                              0x08005794   Section        0  usart.o(i.uart_init)
    i.update_display                         0x08005840   Section        0  app.o(i.update_display)
    .constdata                               0x0800593c   Section     6080  bsp_lcd.o(.constdata)
    .constdata                               0x080070fc   Section        4  bsp_touch.o(.constdata)
    .constdata                               0x08007100   Section       10  bsp_ft6236.o(.constdata)
    .conststring                             0x0800710c   Section      121  bsp_touch.o(.conststring)
    .data                                    0x20000000   Section        1  main.o(.data)
    .data                                    0x20000004   Section       16  app.o(.data)
    flag                                     0x20000004   Data           1  app.o(.data)
    flag                                     0x20000005   Data           1  app.o(.data)
    .data                                    0x20000014   Section       12  bsp_lcd.o(.data)
    .data                                    0x20000020   Section        2  bsp_key.o(.data)
    flag                                     0x20000020   Data           1  bsp_key.o(.data)
    flag                                     0x20000021   Data           1  bsp_key.o(.data)
    .data                                    0x20000024   Section       16  bsp_adf4351.o(.data)
    current_fre                              0x20000026   Data           2  bsp_adf4351.o(.data)
    .data                                    0x20000034   Section       48  bsp_ch9121.o(.data)
    .data                                    0x20000064   Section        2  bsp_adc.o(.data)
    .data                                    0x20000066   Section        2  bsp_timer.o(.data)
    .data                                    0x20000068   Section        1  bsp_esp8266.o(.data)
    .data                                    0x2000006a   Section        4  bsp_touch.o(.data)
    .data                                    0x20000070   Section       56  bsp_touch.o(.data)
    .data                                    0x200000a8   Section        1  bsp_ft6236.o(.data)
    t                                        0x200000a8   Data           1  bsp_ft6236.o(.data)
    .data                                    0x200000aa   Section        4  delay.o(.data)
    fac_us                                   0x200000aa   Data           1  delay.o(.data)
    fac_ms                                   0x200000ac   Data           2  delay.o(.data)
    .data                                    0x200000ae   Section        2  usart.o(.data)
    .data                                    0x200000b0   Section        4  usart.o(.data)
    .data                                    0x200000b4   Section       16  stm32f4xx_rcc.o(.data)
    APBAHBPrescTable                         0x200000b4   Data          16  stm32f4xx_rcc.o(.data)
    .data                                    0x200000c4   Section        4  errno.o(.data)
    _errno                                   0x200000c4   Data           4  errno.o(.data)
    .bss                                     0x200000c8   Section       36  app.o(.bss)
    .bss                                     0x200000ec   Section     1024  bsp_ch9121.o(.bss)
    .bss                                     0x200004ec   Section     1026  bsp_esp8266.o(.bss)
    .bss                                     0x200008ee   Section      200  usart.o(.bss)
    STACK                                    0x200009b8   Section     1024  startup_stm32f40_41xxx.o(STACK)

    Global Symbols

    Symbol Name                              Value     Ov Type        Size  Object(Section)

    BuildAttributes$$THM_ISAv4$E$P$D$K$B$S$7EM$VFPi3$EXTD16$VFPS$VFMA$PE$A:L22UL41UL21$X:L11$S22US41US21$IEEE1$IW$USESV6$~STKCKD$USESV7$~SHL$OTIME$ROPI$IEEEX$EBA8$MICROLIB$REQ8$PRES8$EABIv2 0x00000000   Number         0  anon$$obj.o ABSOLUTE
    __ARM_use_no_argv                        0x00000000   Number         0  main.o ABSOLUTE
    __use_no_errno                           0x00000000   Number         0  useno.o ABSOLUTE
    __use_no_exception_handling              0x00000000   Number         0  useno.o ABSOLUTE
    __use_no_fp                              0x00000000   Number         0  useno.o ABSOLUTE
    __use_no_heap                            0x00000000   Number         0  useno.o ABSOLUTE
    __use_no_heap_region                     0x00000000   Number         0  useno.o ABSOLUTE
    __use_no_semihosting                     0x00000000   Number         0  useno.o ABSOLUTE
    __use_no_semihosting_swi                 0x00000000   Number         0  useno.o ABSOLUTE
    __use_no_signal_handling                 0x00000000   Number         0  useno.o ABSOLUTE
    _printf_a                                0x00000000   Number         0  stubs.o ABSOLUTE
    _printf_c                                0x00000000   Number         0  stubs.o ABSOLUTE
    _printf_charcount                        0x00000000   Number         0  stubs.o ABSOLUTE
    _printf_d                                0x00000000   Number         0  stubs.o ABSOLUTE
    _printf_e                                0x00000000   Number         0  stubs.o ABSOLUTE
    _printf_f                                0x00000000   Number         0  stubs.o ABSOLUTE
    _printf_flags                            0x00000000   Number         0  stubs.o ABSOLUTE
    _printf_fp_dec                           0x00000000   Number         0  stubs.o ABSOLUTE
    _printf_fp_hex                           0x00000000   Number         0  stubs.o ABSOLUTE
    _printf_g                                0x00000000   Number         0  stubs.o ABSOLUTE
    _printf_i                                0x00000000   Number         0  stubs.o ABSOLUTE
    _printf_int_dec                          0x00000000   Number         0  stubs.o ABSOLUTE
    _printf_l                                0x00000000   Number         0  stubs.o ABSOLUTE
    _printf_lc                               0x00000000   Number         0  stubs.o ABSOLUTE
    _printf_ll                               0x00000000   Number         0  stubs.o ABSOLUTE
    _printf_lld                              0x00000000   Number         0  stubs.o ABSOLUTE
    _printf_lli                              0x00000000   Number         0  stubs.o ABSOLUTE
    _printf_llo                              0x00000000   Number         0  stubs.o ABSOLUTE
    _printf_llu                              0x00000000   Number         0  stubs.o ABSOLUTE
    _printf_llx                              0x00000000   Number         0  stubs.o ABSOLUTE
    _printf_longlong_dec                     0x00000000   Number         0  stubs.o ABSOLUTE
    _printf_longlong_hex                     0x00000000   Number         0  stubs.o ABSOLUTE
    _printf_longlong_oct                     0x00000000   Number         0  stubs.o ABSOLUTE
    _printf_ls                               0x00000000   Number         0  stubs.o ABSOLUTE
    _printf_mbtowc                           0x00000000   Number         0  stubs.o ABSOLUTE
    _printf_n                                0x00000000   Number         0  stubs.o ABSOLUTE
    _printf_o                                0x00000000   Number         0  stubs.o ABSOLUTE
    _printf_p                                0x00000000   Number         0  stubs.o ABSOLUTE
    _printf_percent                          0x00000000   Number         0  stubs.o ABSOLUTE
    _printf_pre_padding                      0x00000000   Number         0  stubs.o ABSOLUTE
    _printf_return_value                     0x00000000   Number         0  stubs.o ABSOLUTE
    _printf_s                                0x00000000   Number         0  stubs.o ABSOLUTE
    _printf_sizespec                         0x00000000   Number         0  stubs.o ABSOLUTE
    _printf_str                              0x00000000   Number         0  stubs.o ABSOLUTE
    _printf_truncate_signed                  0x00000000   Number         0  stubs.o ABSOLUTE
    _printf_truncate_unsigned                0x00000000   Number         0  stubs.o ABSOLUTE
    _printf_u                                0x00000000   Number         0  stubs.o ABSOLUTE
    _printf_wc                               0x00000000   Number         0  stubs.o ABSOLUTE
    _printf_wctomb                           0x00000000   Number         0  stubs.o ABSOLUTE
    _printf_widthprec                        0x00000000   Number         0  stubs.o ABSOLUTE
    _printf_x                                0x00000000   Number         0  stubs.o ABSOLUTE
    __cpp_initialize__aeabi_                  - Undefined Weak Reference
    __cxa_finalize                            - Undefined Weak Reference
    __decompress                              - Undefined Weak Reference
    _clock_init                               - Undefined Weak Reference
    _microlib_exit                            - Undefined Weak Reference
    __Vectors_Size                           0x00000188   Number         0  startup_stm32f40_41xxx.o ABSOLUTE
    __Vectors                                0x08000000   Data           4  startup_stm32f40_41xxx.o(RESET)
    __Vectors_End                            0x08000188   Data           0  startup_stm32f40_41xxx.o(RESET)
    __main                                   0x08000189   Thumb Code     0  entry.o(.ARM.Collect$$$$00000000)
    _main_stk                                0x08000189   Thumb Code     0  entry2.o(.ARM.Collect$$$$00000001)
    _main_scatterload                        0x0800018d   Thumb Code     0  entry5.o(.ARM.Collect$$$$00000004)
    __main_after_scatterload                 0x08000191   Thumb Code     0  entry5.o(.ARM.Collect$$$$00000004)
    _main_clock                              0x08000191   Thumb Code     0  entry7b.o(.ARM.Collect$$$$00000008)
    _main_cpp_init                           0x08000191   Thumb Code     0  entry8b.o(.ARM.Collect$$$$0000000A)
    _main_init                               0x08000191   Thumb Code     0  entry9a.o(.ARM.Collect$$$$0000000B)
    __rt_final_cpp                           0x08000199   Thumb Code     0  entry10a.o(.ARM.Collect$$$$0000000D)
    __rt_final_exit                          0x08000199   Thumb Code     0  entry11a.o(.ARM.Collect$$$$0000000F)
    Reset_Handler                            0x0800019d   Thumb Code     8  startup_stm32f40_41xxx.o(.text)
    ADC_IRQHandler                           0x080001b7   Thumb Code     0  startup_stm32f40_41xxx.o(.text)
    CAN1_RX0_IRQHandler                      0x080001b7   Thumb Code     0  startup_stm32f40_41xxx.o(.text)
    CAN1_RX1_IRQHandler                      0x080001b7   Thumb Code     0  startup_stm32f40_41xxx.o(.text)
    CAN1_SCE_IRQHandler                      0x080001b7   Thumb Code     0  startup_stm32f40_41xxx.o(.text)
    CAN1_TX_IRQHandler                       0x080001b7   Thumb Code     0  startup_stm32f40_41xxx.o(.text)
    CAN2_RX0_IRQHandler                      0x080001b7   Thumb Code     0  startup_stm32f40_41xxx.o(.text)
    CAN2_RX1_IRQHandler                      0x080001b7   Thumb Code     0  startup_stm32f40_41xxx.o(.text)
    CAN2_SCE_IRQHandler                      0x080001b7   Thumb Code     0  startup_stm32f40_41xxx.o(.text)
    CAN2_TX_IRQHandler                       0x080001b7   Thumb Code     0  startup_stm32f40_41xxx.o(.text)
    CRYP_IRQHandler                          0x080001b7   Thumb Code     0  startup_stm32f40_41xxx.o(.text)
    DCMI_IRQHandler                          0x080001b7   Thumb Code     0  startup_stm32f40_41xxx.o(.text)
    DMA1_Stream0_IRQHandler                  0x080001b7   Thumb Code     0  startup_stm32f40_41xxx.o(.text)
    DMA1_Stream1_IRQHandler                  0x080001b7   Thumb Code     0  startup_stm32f40_41xxx.o(.text)
    DMA1_Stream2_IRQHandler                  0x080001b7   Thumb Code     0  startup_stm32f40_41xxx.o(.text)
    DMA1_Stream3_IRQHandler                  0x080001b7   Thumb Code     0  startup_stm32f40_41xxx.o(.text)
    DMA1_Stream4_IRQHandler                  0x080001b7   Thumb Code     0  startup_stm32f40_41xxx.o(.text)
    DMA1_Stream5_IRQHandler                  0x080001b7   Thumb Code     0  startup_stm32f40_41xxx.o(.text)
    DMA1_Stream6_IRQHandler                  0x080001b7   Thumb Code     0  startup_stm32f40_41xxx.o(.text)
    DMA1_Stream7_IRQHandler                  0x080001b7   Thumb Code     0  startup_stm32f40_41xxx.o(.text)
    DMA2_Stream0_IRQHandler                  0x080001b7   Thumb Code     0  startup_stm32f40_41xxx.o(.text)
    DMA2_Stream1_IRQHandler                  0x080001b7   Thumb Code     0  startup_stm32f40_41xxx.o(.text)
    DMA2_Stream2_IRQHandler                  0x080001b7   Thumb Code     0  startup_stm32f40_41xxx.o(.text)
    DMA2_Stream3_IRQHandler                  0x080001b7   Thumb Code     0  startup_stm32f40_41xxx.o(.text)
    DMA2_Stream4_IRQHandler                  0x080001b7   Thumb Code     0  startup_stm32f40_41xxx.o(.text)
    DMA2_Stream5_IRQHandler                  0x080001b7   Thumb Code     0  startup_stm32f40_41xxx.o(.text)
    DMA2_Stream6_IRQHandler                  0x080001b7   Thumb Code     0  startup_stm32f40_41xxx.o(.text)
    DMA2_Stream7_IRQHandler                  0x080001b7   Thumb Code     0  startup_stm32f40_41xxx.o(.text)
    ETH_IRQHandler                           0x080001b7   Thumb Code     0  startup_stm32f40_41xxx.o(.text)
    ETH_WKUP_IRQHandler                      0x080001b7   Thumb Code     0  startup_stm32f40_41xxx.o(.text)
    EXTI0_IRQHandler                         0x080001b7   Thumb Code     0  startup_stm32f40_41xxx.o(.text)
    EXTI15_10_IRQHandler                     0x080001b7   Thumb Code     0  startup_stm32f40_41xxx.o(.text)
    EXTI1_IRQHandler                         0x080001b7   Thumb Code     0  startup_stm32f40_41xxx.o(.text)
    EXTI2_IRQHandler                         0x080001b7   Thumb Code     0  startup_stm32f40_41xxx.o(.text)
    EXTI3_IRQHandler                         0x080001b7   Thumb Code     0  startup_stm32f40_41xxx.o(.text)
    EXTI4_IRQHandler                         0x080001b7   Thumb Code     0  startup_stm32f40_41xxx.o(.text)
    EXTI9_5_IRQHandler                       0x080001b7   Thumb Code     0  startup_stm32f40_41xxx.o(.text)
    FLASH_IRQHandler                         0x080001b7   Thumb Code     0  startup_stm32f40_41xxx.o(.text)
    FPU_IRQHandler                           0x080001b7   Thumb Code     0  startup_stm32f40_41xxx.o(.text)
    FSMC_IRQHandler                          0x080001b7   Thumb Code     0  startup_stm32f40_41xxx.o(.text)
    HASH_RNG_IRQHandler                      0x080001b7   Thumb Code     0  startup_stm32f40_41xxx.o(.text)
    I2C1_ER_IRQHandler                       0x080001b7   Thumb Code     0  startup_stm32f40_41xxx.o(.text)
    I2C1_EV_IRQHandler                       0x080001b7   Thumb Code     0  startup_stm32f40_41xxx.o(.text)
    I2C2_ER_IRQHandler                       0x080001b7   Thumb Code     0  startup_stm32f40_41xxx.o(.text)
    I2C2_EV_IRQHandler                       0x080001b7   Thumb Code     0  startup_stm32f40_41xxx.o(.text)
    I2C3_ER_IRQHandler                       0x080001b7   Thumb Code     0  startup_stm32f40_41xxx.o(.text)
    I2C3_EV_IRQHandler                       0x080001b7   Thumb Code     0  startup_stm32f40_41xxx.o(.text)
    OTG_FS_IRQHandler                        0x080001b7   Thumb Code     0  startup_stm32f40_41xxx.o(.text)
    OTG_FS_WKUP_IRQHandler                   0x080001b7   Thumb Code     0  startup_stm32f40_41xxx.o(.text)
    OTG_HS_EP1_IN_IRQHandler                 0x080001b7   Thumb Code     0  startup_stm32f40_41xxx.o(.text)
    OTG_HS_EP1_OUT_IRQHandler                0x080001b7   Thumb Code     0  startup_stm32f40_41xxx.o(.text)
    OTG_HS_IRQHandler                        0x080001b7   Thumb Code     0  startup_stm32f40_41xxx.o(.text)
    OTG_HS_WKUP_IRQHandler                   0x080001b7   Thumb Code     0  startup_stm32f40_41xxx.o(.text)
    PVD_IRQHandler                           0x080001b7   Thumb Code     0  startup_stm32f40_41xxx.o(.text)
    RCC_IRQHandler                           0x080001b7   Thumb Code     0  startup_stm32f40_41xxx.o(.text)
    RTC_Alarm_IRQHandler                     0x080001b7   Thumb Code     0  startup_stm32f40_41xxx.o(.text)
    RTC_WKUP_IRQHandler                      0x080001b7   Thumb Code     0  startup_stm32f40_41xxx.o(.text)
    SDIO_IRQHandler                          0x080001b7   Thumb Code     0  startup_stm32f40_41xxx.o(.text)
    SPI1_IRQHandler                          0x080001b7   Thumb Code     0  startup_stm32f40_41xxx.o(.text)
    SPI3_IRQHandler                          0x080001b7   Thumb Code     0  startup_stm32f40_41xxx.o(.text)
    TAMP_STAMP_IRQHandler                    0x080001b7   Thumb Code     0  startup_stm32f40_41xxx.o(.text)
    TIM1_BRK_TIM9_IRQHandler                 0x080001b7   Thumb Code     0  startup_stm32f40_41xxx.o(.text)
    TIM1_CC_IRQHandler                       0x080001b7   Thumb Code     0  startup_stm32f40_41xxx.o(.text)
    TIM1_TRG_COM_TIM11_IRQHandler            0x080001b7   Thumb Code     0  startup_stm32f40_41xxx.o(.text)
    TIM1_UP_TIM10_IRQHandler                 0x080001b7   Thumb Code     0  startup_stm32f40_41xxx.o(.text)
    TIM5_IRQHandler                          0x080001b7   Thumb Code     0  startup_stm32f40_41xxx.o(.text)
    TIM6_DAC_IRQHandler                      0x080001b7   Thumb Code     0  startup_stm32f40_41xxx.o(.text)
    TIM7_IRQHandler                          0x080001b7   Thumb Code     0  startup_stm32f40_41xxx.o(.text)
    TIM8_BRK_TIM12_IRQHandler                0x080001b7   Thumb Code     0  startup_stm32f40_41xxx.o(.text)
    TIM8_CC_IRQHandler                       0x080001b7   Thumb Code     0  startup_stm32f40_41xxx.o(.text)
    TIM8_TRG_COM_TIM14_IRQHandler            0x080001b7   Thumb Code     0  startup_stm32f40_41xxx.o(.text)
    TIM8_UP_TIM13_IRQHandler                 0x080001b7   Thumb Code     0  startup_stm32f40_41xxx.o(.text)
    UART5_IRQHandler                         0x080001b7   Thumb Code     0  startup_stm32f40_41xxx.o(.text)
    USART2_IRQHandler                        0x080001b7   Thumb Code     0  startup_stm32f40_41xxx.o(.text)
    WWDG_IRQHandler                          0x080001b7   Thumb Code     0  startup_stm32f40_41xxx.o(.text)
    strstr                                   0x080001c1   Thumb Code    36  strstr.o(.text)
    __aeabi_dmul                             0x080001e5   Thumb Code   228  dmul.o(.text)
    __aeabi_ddiv                             0x080002c9   Thumb Code   222  ddiv.o(.text)
    __aeabi_ui2d                             0x080003a7   Thumb Code    26  dfltui.o(.text)
    __aeabi_d2uiz                            0x080003c1   Thumb Code    50  dfixui.o(.text)
    __aeabi_f2d                              0x080003f3   Thumb Code    38  f2d.o(.text)
    __aeabi_cdcmpeq                          0x08000419   Thumb Code     0  cdcmple.o(.text)
    __aeabi_cdcmple                          0x08000419   Thumb Code    48  cdcmple.o(.text)
    __aeabi_cdrcmple                         0x08000449   Thumb Code    48  cdrcmple.o(.text)
    __aeabi_d2f                              0x08000479   Thumb Code    56  d2f.o(.text)
    __aeabi_uidiv                            0x080004b1   Thumb Code     0  uidiv.o(.text)
    __aeabi_uidivmod                         0x080004b1   Thumb Code    44  uidiv.o(.text)
    __aeabi_uldivmod                         0x080004dd   Thumb Code    98  uldiv.o(.text)
    __aeabi_llsr                             0x0800053f   Thumb Code    32  llushr.o(.text)
    _ll_ushift_r                             0x0800053f   Thumb Code     0  llushr.o(.text)
    __I$use$fp                               0x0800055f   Thumb Code     0  iusefp.o(.text)
    _float_round                             0x0800055f   Thumb Code    18  fepilogue.o(.text)
    _float_epilogue                          0x08000571   Thumb Code    92  fepilogue.o(.text)
    _double_round                            0x080005cd   Thumb Code    30  depilogue.o(.text)
    _double_epilogue                         0x080005eb   Thumb Code   156  depilogue.o(.text)
    __aeabi_dadd                             0x08000687   Thumb Code   322  dadd.o(.text)
    __aeabi_dsub                             0x080007c9   Thumb Code     6  dadd.o(.text)
    __aeabi_drsub                            0x080007cf   Thumb Code     6  dadd.o(.text)
    _dsqrt                                   0x080007d5   Thumb Code   162  dsqrt.o(.text)
    __aeabi_d2ulz                            0x08000877   Thumb Code    48  dfixul.o(.text)
    __scatterload                            0x080008a9   Thumb Code    28  init.o(.text)
    __scatterload_rt2                        0x080008a9   Thumb Code     0  init.o(.text)
    __aeabi_llsl                             0x080008cd   Thumb Code    30  llshl.o(.text)
    _ll_shift_l                              0x080008cd   Thumb Code     0  llshl.o(.text)
    __aeabi_lasr                             0x080008eb   Thumb Code    36  llsshr.o(.text)
    _ll_sshift_r                             0x080008eb   Thumb Code     0  llsshr.o(.text)
    AD9833_Init                              0x0800090f   Thumb Code    22  ad9833_spi.o(i.AD9833_Init)
    AD9833_SetFrequency                      0x08000925   Thumb Code    50  ad9833_spi.o(i.AD9833_SetFrequency)
    AD9833_SetRegisterValue                  0x08000959   Thumb Code    48  ad9833_spi.o(i.AD9833_SetRegisterValue)
    AD9833_Set_Fre_app                       0x0800098d   Thumb Code    22  app.o(i.AD9833_Set_Fre_app)
    ADC_Cmd                                  0x080009a3   Thumb Code    24  stm32f4xx_adc.o(i.ADC_Cmd)
    ADC_CommonInit                           0x080009bd   Thumb Code    30  stm32f4xx_adc.o(i.ADC_CommonInit)
    ADC_DMACmd                               0x080009e5   Thumb Code    24  stm32f4xx_adc.o(i.ADC_DMACmd)
    ADC_GetConversionValue                   0x080009fd   Thumb Code     6  stm32f4xx_adc.o(i.ADC_GetConversionValue)
    ADC_GetFlagStatus                        0x08000a03   Thumb Code    14  stm32f4xx_adc.o(i.ADC_GetFlagStatus)
    ADC_Init                                 0x08000a11   Thumb Code    66  stm32f4xx_adc.o(i.ADC_Init)
    ADC_MultiModeDMARequestAfterLastTransferCmd 0x08000a5d   Thumb Code    34  stm32f4xx_adc.o(i.ADC_MultiModeDMARequestAfterLastTransferCmd)
    ADC_RegularChannelConfig                 0x08000a85   Thumb Code   116  stm32f4xx_adc.o(i.ADC_RegularChannelConfig)
    ADC_SoftwareStartConv                    0x08000af9   Thumb Code    10  stm32f4xx_adc.o(i.ADC_SoftwareStartConv)
    BusFault_Handler                         0x08000b03   Thumb Code     2  stm32f4xx_it.o(i.BusFault_Handler)
    CT_Delay                                 0x08000b05   Thumb Code     6  bsp_ctiic.o(i.CT_Delay)
    CT_IIC_Ack                               0x08000b0d   Thumb Code    48  bsp_ctiic.o(i.CT_IIC_Ack)
    CT_IIC_Init                              0x08000b45   Thumb Code    40  bsp_ctiic.o(i.CT_IIC_Init)
    CT_IIC_NAck                              0x08000b71   Thumb Code    48  bsp_ctiic.o(i.CT_IIC_NAck)
    CT_IIC_Read_Byte                         0x08000ba9   Thumb Code    94  bsp_ctiic.o(i.CT_IIC_Read_Byte)
    CT_IIC_Send_Byte                         0x08000c11   Thumb Code    80  bsp_ctiic.o(i.CT_IIC_Send_Byte)
    CT_IIC_Start                             0x08000c69   Thumb Code    46  bsp_ctiic.o(i.CT_IIC_Start)
    CT_IIC_Stop                              0x08000ca1   Thumb Code    44  bsp_ctiic.o(i.CT_IIC_Stop)
    CT_IIC_Wait_Ack                          0x08000cd5   Thumb Code    70  bsp_ctiic.o(i.CT_IIC_Wait_Ack)
    DAC_Cmd                                  0x08000d25   Thumb Code    26  stm32f4xx_dac.o(i.DAC_Cmd)
    DAC_Init                                 0x08000d45   Thumb Code    36  stm32f4xx_dac.o(i.DAC_Init)
    DMA_Cmd                                  0x08000d6d   Thumb Code    24  stm32f4xx_dma.o(i.DMA_Cmd)
    DMA_Init                                 0x08000d85   Thumb Code    80  stm32f4xx_dma.o(i.DMA_Init)
    DebugMon_Handler                         0x08000dd9   Thumb Code     2  stm32f4xx_it.o(i.DebugMon_Handler)
    FSMC_NORSRAMCmd                          0x08000ddd   Thumb Code    30  stm32f4xx_fsmc.o(i.FSMC_NORSRAMCmd)
    FSMC_NORSRAMInit                         0x08000e01   Thumb Code   202  stm32f4xx_fsmc.o(i.FSMC_NORSRAMInit)
    FT6236_Init                              0x08000ecd   Thumb Code   152  bsp_ft6236.o(i.FT6236_Init)
    FT6236_RD_Reg                            0x08000f75   Thumb Code    86  bsp_ft6236.o(i.FT6236_RD_Reg)
    FT6236_Scan                              0x08000fcd   Thumb Code   330  bsp_ft6236.o(i.FT6236_Scan)
    FT6236_WR_Reg                            0x08001129   Thumb Code    74  bsp_ft6236.o(i.FT6236_WR_Reg)
    GPIO_AD9833_Configuration                0x08001175   Thumb Code    44  ad9833_spi.o(i.GPIO_AD9833_Configuration)
    GPIO_Init                                0x080011a5   Thumb Code   124  stm32f4xx_gpio.o(i.GPIO_Init)
    GPIO_PinAFConfig                         0x08001221   Thumb Code    32  stm32f4xx_gpio.o(i.GPIO_PinAFConfig)
    GPIO_ResetBits                           0x08001241   Thumb Code     4  stm32f4xx_gpio.o(i.GPIO_ResetBits)
    GPIO_SetBits                             0x08001245   Thumb Code     4  stm32f4xx_gpio.o(i.GPIO_SetBits)
    GPIO_WriteBit                            0x08001249   Thumb Code    12  stm32f4xx_gpio.o(i.GPIO_WriteBit)
    Get_ADC1Voltage                          0x08001255   Thumb Code    44  bsp_adc.o(i.Get_ADC1Voltage)
    Get_ADC1_Voltage                         0x08001285   Thumb Code    44  bsp_adc.o(i.Get_ADC1_Voltage)
    Get_ADC2_Average                         0x080012b5   Thumb Code    32  bsp_adc.o(i.Get_ADC2_Average)
    Get_ADC2_Voltage                         0x080012d5   Thumb Code    44  bsp_adc.o(i.Get_ADC2_Voltage)
    Get_Voltage                              0x08001305   Thumb Code    44  bsp_adc.o(i.Get_Voltage)
    Get_adc1_amp                             0x08001335   Thumb Code   212  app.o(i.Get_adc1_amp)
    Get_adc_amp                              0x0800142d   Thumb Code   212  app.o(i.Get_adc_amp)
    HardFault_Handler                        0x08001525   Thumb Code     2  stm32f4xx_it.o(i.HardFault_Handler)
    LCD_Clear                                0x08001529   Thumb Code    32  bsp_lcd.o(i.LCD_Clear)
    LCD_Display_Dir                          0x08001551   Thumb Code    60  bsp_lcd.o(i.LCD_Display_Dir)
    LCD_DrawLine                             0x08001591   Thumb Code   152  bsp_lcd.o(i.LCD_DrawLine)
    LCD_DrawLine_color                       0x08001629   Thumb Code   154  bsp_lcd.o(i.LCD_DrawLine_color)
    LCD_DrawPoint                            0x080016c5   Thumb Code    20  bsp_lcd.o(i.LCD_DrawPoint)
    LCD_DrawRectangle                        0x080016e1   Thumb Code    62  bsp_lcd.o(i.LCD_DrawRectangle)
    LCD_Draw_Circle                          0x0800171f   Thumb Code   180  bsp_lcd.o(i.LCD_Draw_Circle)
    LCD_Fast_DrawPoint                       0x080017d3   Thumb Code    86  bsp_lcd.o(i.LCD_Fast_DrawPoint)
    LCD_Init                                 0x08001829   Thumb Code  1416  bsp_lcd.o(i.LCD_Init)
    LCD_Pow                                  0x08001db9   Thumb Code    16  bsp_lcd.o(i.LCD_Pow)
    LCD_RD_DATA                              0x08001dc9   Thumb Code    14  bsp_lcd.o(i.LCD_RD_DATA)
    LCD_ReadReg                              0x08001ddd   Thumb Code    20  bsp_lcd.o(i.LCD_ReadReg)
    LCD_Scan_Dir                             0x08001df1   Thumb Code   130  bsp_lcd.o(i.LCD_Scan_Dir)
    LCD_SetCursor                            0x08001e79   Thumb Code    76  bsp_lcd.o(i.LCD_SetCursor)
    LCD_Set_Window                           0x08001ec9   Thumb Code    78  bsp_lcd.o(i.LCD_Set_Window)
    LCD_ShowChar                             0x08001f19   Thumb Code   206  bsp_lcd.o(i.LCD_ShowChar)
    LCD_ShowNum                              0x08001ff9   Thumb Code   124  bsp_lcd.o(i.LCD_ShowNum)
    LCD_ShowString                           0x08002075   Thumb Code    84  bsp_lcd.o(i.LCD_ShowString)
    LCD_WR_DATA                              0x080020c9   Thumb Code    18  bsp_lcd.o(i.LCD_WR_DATA)
    LCD_WR_REG                               0x080020e1   Thumb Code    18  bsp_lcd.o(i.LCD_WR_REG)
    LCD_WriteRAM_Prepare                     0x080020f9   Thumb Code    22  bsp_lcd.o(i.LCD_WriteRAM_Prepare)
    LCD_WriteREG_Prepare                     0x08002115   Thumb Code     6  bsp_lcd.o(i.LCD_WriteREG_Prepare)
    LCD_WriteReg                             0x0800211d   Thumb Code    10  bsp_lcd.o(i.LCD_WriteReg)
    M_SPI_Init                               0x0800212d   Thumb Code    38  ad9833_spi.o(i.M_SPI_Init)
    MemManage_Handler                        0x08002159   Thumb Code     2  stm32f4xx_it.o(i.MemManage_Handler)
    NMI_Handler                              0x0800215b   Thumb Code     2  stm32f4xx_it.o(i.NMI_Handler)
    NVIC_Init                                0x0800215d   Thumb Code    98  misc.o(i.NVIC_Init)
    PendSV_Handler                           0x080021c5   Thumb Code     2  stm32f4xx_it.o(i.PendSV_Handler)
    RCC_AHB1PeriphClockCmd                   0x080021c9   Thumb Code    22  stm32f4xx_rcc.o(i.RCC_AHB1PeriphClockCmd)
    RCC_AHB3PeriphClockCmd                   0x080021e5   Thumb Code    22  stm32f4xx_rcc.o(i.RCC_AHB3PeriphClockCmd)
    RCC_APB1PeriphClockCmd                   0x08002201   Thumb Code    22  stm32f4xx_rcc.o(i.RCC_APB1PeriphClockCmd)
    RCC_APB2PeriphClockCmd                   0x0800221d   Thumb Code    22  stm32f4xx_rcc.o(i.RCC_APB2PeriphClockCmd)
    RCC_GetClocksFreq                        0x08002239   Thumb Code   148  stm32f4xx_rcc.o(i.RCC_GetClocksFreq)
    Read_ID                                  0x080022d9   Thumb Code    38  bsp_lcd.o(i.Read_ID)
    SPI2_IRQHandler                          0x08002301   Thumb Code    36  bsp_spi.o(i.SPI2_IRQHandler)
    SPI_I2S_GetFlagStatus                    0x08002335   Thumb Code    14  stm32f4xx_spi.o(i.SPI_I2S_GetFlagStatus)
    SPI_I2S_ReceiveData                      0x08002343   Thumb Code     4  stm32f4xx_spi.o(i.SPI_I2S_ReceiveData)
    SPI_Write                                0x08002349   Thumb Code    88  ad9833_spi.o(i.SPI_Write)
    SVC_Handler                              0x080023a5   Thumb Code     2  stm32f4xx_it.o(i.SVC_Handler)
    SysTick_CLKSourceConfig                  0x08002461   Thumb Code    28  misc.o(i.SysTick_CLKSourceConfig)
    SysTick_Handler                          0x0800247d   Thumb Code     2  stm32f4xx_it.o(i.SysTick_Handler)
    SystemInit                               0x08002481   Thumb Code    74  system_stm32f4xx.o(i.SystemInit)
    TIM2_IRQHandler                          0x080024dd   Thumb Code   176  bsp_timer.o(i.TIM2_IRQHandler)
    TIM3_IRQHandler                          0x08002591   Thumb Code    54  bsp_timer.o(i.TIM3_IRQHandler)
    TIM4_IRQHandler                          0x080025d1   Thumb Code    96  bsp_timer.o(i.TIM4_IRQHandler)
    TIM_ClearITPendingBit                    0x08002655   Thumb Code     6  stm32f4xx_tim.o(i.TIM_ClearITPendingBit)
    TIM_GetCapture1                          0x0800265b   Thumb Code     4  stm32f4xx_tim.o(i.TIM_GetCapture1)
    TIM_GetCapture2                          0x0800265f   Thumb Code     4  stm32f4xx_tim.o(i.TIM_GetCapture2)
    TIM_GetCapture3                          0x08002663   Thumb Code     4  stm32f4xx_tim.o(i.TIM_GetCapture3)
    TIM_GetCapture4                          0x08002667   Thumb Code     4  stm32f4xx_tim.o(i.TIM_GetCapture4)
    TIM_GetITStatus                          0x0800266b   Thumb Code    24  stm32f4xx_tim.o(i.TIM_GetITStatus)
    TIM_SetCompare1                          0x08002683   Thumb Code     4  stm32f4xx_tim.o(i.TIM_SetCompare1)
    TIM_SetCompare2                          0x08002687   Thumb Code     4  stm32f4xx_tim.o(i.TIM_SetCompare2)
    TIM_SetCompare3                          0x0800268b   Thumb Code     4  stm32f4xx_tim.o(i.TIM_SetCompare3)
    TIM_SetCompare4                          0x0800268f   Thumb Code     4  stm32f4xx_tim.o(i.TIM_SetCompare4)
    TP_Adj_Info_Show                         0x08002695   Thumb Code   324  bsp_touch.o(i.TP_Adj_Info_Show)
    TP_Adjust                                0x08002809   Thumb Code  1558  bsp_touch.o(i.TP_Adjust)
    TP_Drow_Touch_Point                      0x08002e51   Thumb Code   112  bsp_touch.o(i.TP_Drow_Touch_Point)
    TP_Init                                  0x08002ec5   Thumb Code    36  bsp_touch.o(i.TP_Init)
    TP_Read_AD                               0x08002ef5   Thumb Code   114  bsp_touch.o(i.TP_Read_AD)
    TP_Read_XOY                              0x08002f71   Thumb Code    98  bsp_touch.o(i.TP_Read_XOY)
    TP_Read_XY                               0x08002fd5   Thumb Code    34  bsp_touch.o(i.TP_Read_XY)
    TP_Read_XY2                              0x08002ffd   Thumb Code   134  bsp_touch.o(i.TP_Read_XY2)
    TP_Scan                                  0x08003085   Thumb Code   184  bsp_touch.o(i.TP_Scan)
    TP_Write_Byte                            0x08003145   Thumb Code    64  bsp_touch.o(i.TP_Write_Byte)
    UART4_IRQHandler                         0x0800318d   Thumb Code    66  bsp_ch9121.o(i.UART4_IRQHandler)
    USART1_IRQHandler                        0x080031e1   Thumb Code    92  usart.o(i.USART1_IRQHandler)
    USART3_IRQHandler                        0x08003249   Thumb Code   126  bsp_esp8266.o(i.USART3_IRQHandler)
    USART6_IRQHandler                        0x080032e5   Thumb Code    42  bsp_uart6.o(i.USART6_IRQHandler)
    USART_Cmd                                0x08003319   Thumb Code    24  stm32f4xx_usart.o(i.USART_Cmd)
    USART_GetITStatus                        0x08003331   Thumb Code    64  stm32f4xx_usart.o(i.USART_GetITStatus)
    USART_ITConfig                           0x08003371   Thumb Code    54  stm32f4xx_usart.o(i.USART_ITConfig)
    USART_Init                               0x080033a9   Thumb Code   180  stm32f4xx_usart.o(i.USART_Init)
    USART_ReceiveData                        0x08003465   Thumb Code     8  stm32f4xx_usart.o(i.USART_ReceiveData)
    USART_SendData                           0x0800346d   Thumb Code     8  stm32f4xx_usart.o(i.USART_SendData)
    UsageFault_Handler                       0x08003475   Thumb Code     2  stm32f4xx_it.o(i.UsageFault_Handler)
    __0printf                                0x08003479   Thumb Code    22  printfa.o(i.__0printf)
    __1printf                                0x08003479   Thumb Code     0  printfa.o(i.__0printf)
    __2printf                                0x08003479   Thumb Code     0  printfa.o(i.__0printf)
    __c89printf                              0x08003479   Thumb Code     0  printfa.o(i.__0printf)
    printf                                   0x08003479   Thumb Code     0  printfa.o(i.__0printf)
    __hardfp_sqrt                            0x08003499   Thumb Code   122  sqrt_full.o(i.__hardfp_sqrt)
    __scatterload_copy                       0x08003513   Thumb Code    14  handlers.o(i.__scatterload_copy)
    __scatterload_null                       0x08003521   Thumb Code     2  handlers.o(i.__scatterload_null)
    __scatterload_zeroinit                   0x08003523   Thumb Code    14  handlers.o(i.__scatterload_zeroinit)
    __set_errno                              0x08003531   Thumb Code     6  errno.o(i.__set_errno)
    adc1_channel_init                        0x08003df1   Thumb Code   184  bsp_adc.o(i.adc1_channel_init)
    amp_freq_curve                           0x08003eb1   Thumb Code   396  app.o(i.amp_freq_curve)
    bsp_InitADC                              0x08004069   Thumb Code   474  bsp_adc.o(i.bsp_InitADC)
    bsp_InitDAC1                             0x08004265   Thumb Code    70  bsp_dac.o(i.bsp_InitDAC1)
    bsp_InitDAC2                             0x080042b1   Thumb Code    70  bsp_dac.o(i.bsp_InitDAC2)
    bsp_init                                 0x080042fd   Thumb Code    84  bsp.o(i.bsp_init)
    c2_fres                                  0x0800435d   Thumb Code    66  app.o(i.c2_fres)
    c3_fres                                  0x080043b1   Thumb Code    64  app.o(i.c3_fres)
    cut_cap                                  0x08004405   Thumb Code   490  app.o(i.cut_cap)
    delay_init                               0x080046bd   Thumb Code    40  delay.o(i.delay_init)
    delay_ms                                 0x080046e9   Thumb Code    52  delay.o(i.delay_ms)
    delay_us                                 0x0800471d   Thumb Code    46  delay.o(i.delay_us)
    delay_xms                                0x08004751   Thumb Code    46  delay.o(i.delay_xms)
    display_menu                             0x08004785   Thumb Code   176  app.o(i.display_menu)
    display_menu_B                           0x0800488d   Thumb Code   154  app.o(i.display_menu_B)
    fputc                                    0x080049c9   Thumb Code    14  usart.o(i.fputc)
    freq_trl_word                            0x080049dd   Thumb Code    26  ad9833_spi.o(i.freq_trl_word)
    gain_calc                                0x08004a01   Thumb Code    66  app.o(i.gain_calc)
    hmc472_init                              0x08004a59   Thumb Code   114  bsp_hmc472a.o(i.hmc472_init)
    init_key                                 0x08004ad5   Thumb Code    66  bsp_key.o(i.init_key)
    input_res_calc                           0x08004b21   Thumb Code   186  app.o(i.input_res_calc)
    key_scan                                 0x08004c25   Thumb Code   108  bsp_key.o(i.key_scan)
    led_gpio_init                            0x08004ca1   Thumb Code    58  bsp_led.o(i.led_gpio_init)
    main                                     0x08004ce1   Thumb Code   672  main.o(i.main)
    measure_select                           0x0800504d   Thumb Code   222  app.o(i.measure_select)
    output_res_calc                          0x08005135   Thumb Code   182  app.o(i.output_res_calc)
    pe4302_a_set                             0x0800523d   Thumb Code   128  bsp_pe4302.o(i.pe4302_a_set)
    pe4302_gpio_init                         0x080052c1   Thumb Code    98  bsp_pe4302.o(i.pe4302_gpio_init)
    res_judge                                0x0800532d   Thumb Code   738  app.o(i.res_judge)
    spi_read_byte                            0x0800576d   Thumb Code    32  bsp_spi.o(i.spi_read_byte)
    uart_init                                0x08005795   Thumb Code   164  usart.o(i.uart_init)
    update_display                           0x08005841   Thumb Code   242  app.o(i.update_display)
    lcd_asc2_1206                            0x0800593c   Data        1140  bsp_lcd.o(.constdata)
    lcd_asc2_1608                            0x08005db0   Data        1520  bsp_lcd.o(.constdata)
    lcd_asc2_2412                            0x080063a0   Data        3420  bsp_lcd.o(.constdata)
    TP_REMIND_MSG_TBL                        0x080070fc   Data           4  bsp_touch.o(.constdata)
    FT6236_TPX_TBL                           0x08007100   Data          10  bsp_ft6236.o(.constdata)
    Region$$Table$$Base                      0x08007188   Number         0  anon$$obj.o(Region$$Table)
    Region$$Table$$Limit                     0x080071a8   Number         0  anon$$obj.o(Region$$Table)
    key_old                                  0x20000000   Data           1  main.o(.data)
    error_code                               0x20000006   Data           1  app.o(.data)
    r1_status                                0x20000007   Data           1  app.o(.data)
    r2_status                                0x20000008   Data           1  app.o(.data)
    r3_status                                0x20000009   Data           1  app.o(.data)
    r4_status                                0x2000000a   Data           1  app.o(.data)
    c1_status                                0x2000000b   Data           1  app.o(.data)
    c2_status                                0x2000000c   Data           1  app.o(.data)
    c3_status                                0x2000000d   Data           1  app.o(.data)
    output_voltage                           0x20000010   Data           4  app.o(.data)
    POINT_COLOR                              0x20000014   Data           2  bsp_lcd.o(.data)
    BACK_COLOR                               0x20000016   Data           2  bsp_lcd.o(.data)
    lcddev                                   0x20000018   Data           8  bsp_lcd.o(.data)
    update_flag                              0x20000024   Data           1  bsp_adf4351.o(.data)
    buf                                      0x20000028   Data           4  bsp_adf4351.o(.data)
    fre_step                                 0x2000002c   Data           4  bsp_adf4351.o(.data)
    next_fre                                 0x20000030   Data           4  bsp_adf4351.o(.data)
    overflow_flag                            0x20000034   Data           1  bsp_ch9121.o(.data)
    overflow                                 0x20000036   Data           2  bsp_ch9121.o(.data)
    net_communition_Server1                  0x20000038   Data          22  bsp_ch9121.o(.data)
    net_communition_DstServer                0x2000004e   Data          22  bsp_ch9121.o(.data)
    uhADCDualConver                          0x20000064   Data           2  bsp_adc.o(.data)
    ncount                                   0x20000066   Data           2  bsp_timer.o(.data)
    ucTcpClosedFlag                          0x20000068   Data           1  bsp_esp8266.o(.data)
    scan_dir                                 0x2000006a   Data           4  bsp_touch.o(.data)
    CMD_RDX                                  0x20000070   Data           1  bsp_touch.o(.data)
    CMD_RDY                                  0x20000071   Data           1  bsp_touch.o(.data)
    tp_dev                                   0x20000074   Data          52  bsp_touch.o(.data)
    sys_clk                                  0x200000ab   Data           1  delay.o(.data)
    USART_RX_STA                             0x200000ae   Data           2  usart.o(.data)
    __stdout                                 0x200000b0   Data           4  usart.o(.data)
    result_sample                            0x200000c8   Data          12  app.o(.bss)
    result_sample1                           0x200000d4   Data          12  app.o(.bss)
    result_sample2                           0x200000e0   Data          12  app.o(.bss)
    net_rx_buf                               0x200000ec   Data        1024  bsp_ch9121.o(.bss)
    strEsp8266_Fram_Record                   0x200004ec   Data        1026  bsp_esp8266.o(.bss)
    USART_RX_BUF                             0x200008ee   Data         200  usart.o(.bss)
    __initial_sp                             0x20000db8   Data           0  startup_stm32f40_41xxx.o(STACK)



==============================================================================

Memory Map of the image

  Image Entry point : 0x08000189

  Load Region LR_IROM1 (Base: 0x08000000, Size: 0x00007270, Max: 0x00100000, ABSOLUTE)

    Execution Region ER_IROM1 (Exec base: 0x08000000, Load base: 0x08000000, Size: 0x000071a8, Max: 0x00100000, ABSOLUTE)

    Exec Addr    Load Addr    Size         Type   Attr      Idx    E Section Name        Object

    0x08000000   0x08000000   0x00000188   Data   RO         2571    RESET               startup_stm32f40_41xxx.o
    0x08000188   0x08000188   0x00000000   Code   RO         7592  * .ARM.Collect$$$$00000000  mc_w.l(entry.o)
    0x08000188   0x08000188   0x00000004   Code   RO         7882    .ARM.Collect$$$$00000001  mc_w.l(entry2.o)
    0x0800018c   0x0800018c   0x00000004   Code   RO         7885    .ARM.Collect$$$$00000004  mc_w.l(entry5.o)
    0x08000190   0x08000190   0x00000000   Code   RO         7887    .ARM.Collect$$$$00000008  mc_w.l(entry7b.o)
    0x08000190   0x08000190   0x00000000   Code   RO         7889    .ARM.Collect$$$$0000000A  mc_w.l(entry8b.o)
    0x08000190   0x08000190   0x00000008   Code   RO         7890    .ARM.Collect$$$$0000000B  mc_w.l(entry9a.o)
    0x08000198   0x08000198   0x00000000   Code   RO         7892    .ARM.Collect$$$$0000000D  mc_w.l(entry10a.o)
    0x08000198   0x08000198   0x00000000   Code   RO         7894    .ARM.Collect$$$$0000000F  mc_w.l(entry11a.o)
    0x08000198   0x08000198   0x00000004   Code   RO         7883    .ARM.Collect$$$$00002712  mc_w.l(entry2.o)
    0x0800019c   0x0800019c   0x00000024   Code   RO         2572    .text               startup_stm32f40_41xxx.o
    0x080001c0   0x080001c0   0x00000024   Code   RO         7599    .text               mc_w.l(strstr.o)
    0x080001e4   0x080001e4   0x000000e4   Code   RO         7862    .text               mf_w.l(dmul.o)
    0x080002c8   0x080002c8   0x000000de   Code   RO         7864    .text               mf_w.l(ddiv.o)
    0x080003a6   0x080003a6   0x0000001a   Code   RO         7868    .text               mf_w.l(dfltui.o)
    0x080003c0   0x080003c0   0x00000032   Code   RO         7872    .text               mf_w.l(dfixui.o)
    0x080003f2   0x080003f2   0x00000026   Code   RO         7874    .text               mf_w.l(f2d.o)
    0x08000418   0x08000418   0x00000030   Code   RO         7876    .text               mf_w.l(cdcmple.o)
    0x08000448   0x08000448   0x00000030   Code   RO         7878    .text               mf_w.l(cdrcmple.o)
    0x08000478   0x08000478   0x00000038   Code   RO         7880    .text               mf_w.l(d2f.o)
    0x080004b0   0x080004b0   0x0000002c   Code   RO         7896    .text               mc_w.l(uidiv.o)
    0x080004dc   0x080004dc   0x00000062   Code   RO         7898    .text               mc_w.l(uldiv.o)
    0x0800053e   0x0800053e   0x00000020   Code   RO         7900    .text               mc_w.l(llushr.o)
    0x0800055e   0x0800055e   0x00000000   Code   RO         7909    .text               mc_w.l(iusefp.o)
    0x0800055e   0x0800055e   0x0000006e   Code   RO         7910    .text               mf_w.l(fepilogue.o)
    0x080005cc   0x080005cc   0x000000ba   Code   RO         7912    .text               mf_w.l(depilogue.o)
    0x08000686   0x08000686   0x0000014e   Code   RO         7914    .text               mf_w.l(dadd.o)
    0x080007d4   0x080007d4   0x000000a2   Code   RO         7916    .text               mf_w.l(dsqrt.o)
    0x08000876   0x08000876   0x00000030   Code   RO         7918    .text               mf_w.l(dfixul.o)
    0x080008a6   0x080008a6   0x00000002   PAD
    0x080008a8   0x080008a8   0x00000024   Code   RO         7920    .text               mc_w.l(init.o)
    0x080008cc   0x080008cc   0x0000001e   Code   RO         7922    .text               mc_w.l(llshl.o)
    0x080008ea   0x080008ea   0x00000024   Code   RO         7924    .text               mc_w.l(llsshr.o)
    0x0800090e   0x0800090e   0x00000016   Code   RO         1732    i.AD9833_Init       ad9833_spi.o
    0x08000924   0x08000924   0x00000032   Code   RO         1734    i.AD9833_SetFrequency  ad9833_spi.o
    0x08000956   0x08000956   0x00000002   PAD
    0x08000958   0x08000958   0x00000034   Code   RO         1736    i.AD9833_SetRegisterValue  ad9833_spi.o
    0x0800098c   0x0800098c   0x00000016   Code   RO          395    i.AD9833_Set_Fre_app  app.o
    0x080009a2   0x080009a2   0x00000018   Code   RO         2628    i.ADC_Cmd           stm32f4xx_adc.o
    0x080009ba   0x080009ba   0x00000002   PAD
    0x080009bc   0x080009bc   0x00000028   Code   RO         2629    i.ADC_CommonInit    stm32f4xx_adc.o
    0x080009e4   0x080009e4   0x00000018   Code   RO         2632    i.ADC_DMACmd        stm32f4xx_adc.o
    0x080009fc   0x080009fc   0x00000006   Code   RO         2640    i.ADC_GetConversionValue  stm32f4xx_adc.o
    0x08000a02   0x08000a02   0x0000000e   Code   RO         2641    i.ADC_GetFlagStatus  stm32f4xx_adc.o
    0x08000a10   0x08000a10   0x0000004c   Code   RO         2648    i.ADC_Init          stm32f4xx_adc.o
    0x08000a5c   0x08000a5c   0x00000028   Code   RO         2652    i.ADC_MultiModeDMARequestAfterLastTransferCmd  stm32f4xx_adc.o
    0x08000a84   0x08000a84   0x00000074   Code   RO         2653    i.ADC_RegularChannelConfig  stm32f4xx_adc.o
    0x08000af8   0x08000af8   0x0000000a   Code   RO         2655    i.ADC_SoftwareStartConv  stm32f4xx_adc.o
    0x08000b02   0x08000b02   0x00000002   Code   RO          261    i.BusFault_Handler  stm32f4xx_it.o
    0x08000b04   0x08000b04   0x00000006   Code   RO         2376    i.CT_Delay          bsp_ctiic.o
    0x08000b0a   0x08000b0a   0x00000002   PAD
    0x08000b0c   0x08000b0c   0x00000038   Code   RO         2377    i.CT_IIC_Ack        bsp_ctiic.o
    0x08000b44   0x08000b44   0x0000002c   Code   RO         2378    i.CT_IIC_Init       bsp_ctiic.o
    0x08000b70   0x08000b70   0x00000038   Code   RO         2379    i.CT_IIC_NAck       bsp_ctiic.o
    0x08000ba8   0x08000ba8   0x00000068   Code   RO         2380    i.CT_IIC_Read_Byte  bsp_ctiic.o
    0x08000c10   0x08000c10   0x00000058   Code   RO         2381    i.CT_IIC_Send_Byte  bsp_ctiic.o
    0x08000c68   0x08000c68   0x00000038   Code   RO         2382    i.CT_IIC_Start      bsp_ctiic.o
    0x08000ca0   0x08000ca0   0x00000034   Code   RO         2383    i.CT_IIC_Stop       bsp_ctiic.o
    0x08000cd4   0x08000cd4   0x00000050   Code   RO         2384    i.CT_IIC_Wait_Ack   bsp_ctiic.o
    0x08000d24   0x08000d24   0x00000020   Code   RO         3303    i.DAC_Cmd           stm32f4xx_dac.o
    0x08000d44   0x08000d44   0x00000028   Code   RO         3311    i.DAC_Init          stm32f4xx_dac.o
    0x08000d6c   0x08000d6c   0x00000018   Code   RO         3698    i.DMA_Cmd           stm32f4xx_dma.o
    0x08000d84   0x08000d84   0x00000054   Code   RO         3710    i.DMA_Init          stm32f4xx_dma.o
    0x08000dd8   0x08000dd8   0x00000002   Code   RO          262    i.DebugMon_Handler  stm32f4xx_it.o
    0x08000dda   0x08000dda   0x00000002   PAD
    0x08000ddc   0x08000ddc   0x00000024   Code   RO         4180    i.FSMC_NORSRAMCmd   stm32f4xx_fsmc.o
    0x08000e00   0x08000e00   0x000000ca   Code   RO         4182    i.FSMC_NORSRAMInit  stm32f4xx_fsmc.o
    0x08000eca   0x08000eca   0x00000002   PAD
    0x08000ecc   0x08000ecc   0x000000a8   Code   RO         2334    i.FT6236_Init       bsp_ft6236.o
    0x08000f74   0x08000f74   0x00000056   Code   RO         2335    i.FT6236_RD_Reg     bsp_ft6236.o
    0x08000fca   0x08000fca   0x00000002   PAD
    0x08000fcc   0x08000fcc   0x0000015c   Code   RO         2336    i.FT6236_Scan       bsp_ft6236.o
    0x08001128   0x08001128   0x0000004a   Code   RO         2337    i.FT6236_WR_Reg     bsp_ft6236.o
    0x08001172   0x08001172   0x00000002   PAD
    0x08001174   0x08001174   0x00000030   Code   RO         1739    i.GPIO_AD9833_Configuration  ad9833_spi.o
    0x080011a4   0x080011a4   0x0000007c   Code   RO         4301    i.GPIO_Init         stm32f4xx_gpio.o
    0x08001220   0x08001220   0x00000020   Code   RO         4302    i.GPIO_PinAFConfig  stm32f4xx_gpio.o
    0x08001240   0x08001240   0x00000004   Code   RO         4308    i.GPIO_ResetBits    stm32f4xx_gpio.o
    0x08001244   0x08001244   0x00000004   Code   RO         4309    i.GPIO_SetBits      stm32f4xx_gpio.o
    0x08001248   0x08001248   0x0000000c   Code   RO         4313    i.GPIO_WriteBit     stm32f4xx_gpio.o
    0x08001254   0x08001254   0x00000030   Code   RO         1899    i.Get_ADC1Voltage   bsp_adc.o
    0x08001284   0x08001284   0x00000030   Code   RO         1901    i.Get_ADC1_Voltage  bsp_adc.o
    0x080012b4   0x080012b4   0x00000020   Code   RO         1902    i.Get_ADC2_Average  bsp_adc.o
    0x080012d4   0x080012d4   0x00000030   Code   RO         1903    i.Get_ADC2_Voltage  bsp_adc.o
    0x08001304   0x08001304   0x00000030   Code   RO         1905    i.Get_Voltage       bsp_adc.o
    0x08001334   0x08001334   0x000000f8   Code   RO          398    i.Get_adc1_amp      app.o
    0x0800142c   0x0800142c   0x000000f8   Code   RO          400    i.Get_adc_amp       app.o
    0x08001524   0x08001524   0x00000002   Code   RO          263    i.HardFault_Handler  stm32f4xx_it.o
    0x08001526   0x08001526   0x00000002   PAD
    0x08001528   0x08001528   0x00000028   Code   RO          600    i.LCD_Clear         bsp_lcd.o
    0x08001550   0x08001550   0x00000040   Code   RO          604    i.LCD_Display_Dir   bsp_lcd.o
    0x08001590   0x08001590   0x00000098   Code   RO          605    i.LCD_DrawLine      bsp_lcd.o
    0x08001628   0x08001628   0x0000009a   Code   RO          606    i.LCD_DrawLine_color  bsp_lcd.o
    0x080016c2   0x080016c2   0x00000002   PAD
    0x080016c4   0x080016c4   0x0000001c   Code   RO          607    i.LCD_DrawPoint     bsp_lcd.o
    0x080016e0   0x080016e0   0x0000003e   Code   RO          608    i.LCD_DrawRectangle  bsp_lcd.o
    0x0800171e   0x0800171e   0x000000b4   Code   RO          609    i.LCD_Draw_Circle   bsp_lcd.o
    0x080017d2   0x080017d2   0x00000056   Code   RO          610    i.LCD_Fast_DrawPoint  bsp_lcd.o
    0x08001828   0x08001828   0x00000590   Code   RO          612    i.LCD_Init          bsp_lcd.o
    0x08001db8   0x08001db8   0x00000010   Code   RO          613    i.LCD_Pow           bsp_lcd.o
    0x08001dc8   0x08001dc8   0x00000014   Code   RO          614    i.LCD_RD_DATA       bsp_lcd.o
    0x08001ddc   0x08001ddc   0x00000014   Code   RO          616    i.LCD_ReadReg       bsp_lcd.o
    0x08001df0   0x08001df0   0x00000088   Code   RO          617    i.LCD_Scan_Dir      bsp_lcd.o
    0x08001e78   0x08001e78   0x00000050   Code   RO          618    i.LCD_SetCursor     bsp_lcd.o
    0x08001ec8   0x08001ec8   0x0000004e   Code   RO          619    i.LCD_Set_Window    bsp_lcd.o
    0x08001f16   0x08001f16   0x00000002   PAD
    0x08001f18   0x08001f18   0x000000e0   Code   RO          620    i.LCD_ShowChar      bsp_lcd.o
    0x08001ff8   0x08001ff8   0x0000007c   Code   RO          621    i.LCD_ShowNum       bsp_lcd.o
    0x08002074   0x08002074   0x00000054   Code   RO          622    i.LCD_ShowString    bsp_lcd.o
    0x080020c8   0x080020c8   0x00000018   Code   RO          624    i.LCD_WR_DATA       bsp_lcd.o
    0x080020e0   0x080020e0   0x00000018   Code   RO          625    i.LCD_WR_REG        bsp_lcd.o
    0x080020f8   0x080020f8   0x0000001c   Code   RO          627    i.LCD_WriteRAM_Prepare  bsp_lcd.o
    0x08002114   0x08002114   0x00000006   Code   RO          628    i.LCD_WriteREG_Prepare  bsp_lcd.o
    0x0800211a   0x0800211a   0x00000002   PAD
    0x0800211c   0x0800211c   0x00000010   Code   RO          629    i.LCD_WriteReg      bsp_lcd.o
    0x0800212c   0x0800212c   0x0000002c   Code   RO         1740    i.M_SPI_Init        ad9833_spi.o
    0x08002158   0x08002158   0x00000002   Code   RO          264    i.MemManage_Handler  stm32f4xx_it.o
    0x0800215a   0x0800215a   0x00000002   Code   RO          265    i.NMI_Handler       stm32f4xx_it.o
    0x0800215c   0x0800215c   0x00000068   Code   RO         2578    i.NVIC_Init         misc.o
    0x080021c4   0x080021c4   0x00000002   Code   RO          266    i.PendSV_Handler    stm32f4xx_it.o
    0x080021c6   0x080021c6   0x00000002   PAD
    0x080021c8   0x080021c8   0x0000001c   Code   RO         5165    i.RCC_AHB1PeriphClockCmd  stm32f4xx_rcc.o
    0x080021e4   0x080021e4   0x0000001c   Code   RO         5171    i.RCC_AHB3PeriphClockCmd  stm32f4xx_rcc.o
    0x08002200   0x08002200   0x0000001c   Code   RO         5174    i.RCC_APB1PeriphClockCmd  stm32f4xx_rcc.o
    0x0800221c   0x0800221c   0x0000001c   Code   RO         5177    i.RCC_APB2PeriphClockCmd  stm32f4xx_rcc.o
    0x08002238   0x08002238   0x000000a0   Code   RO         5186    i.RCC_GetClocksFreq  stm32f4xx_rcc.o
    0x080022d8   0x080022d8   0x00000026   Code   RO          630    i.Read_ID           bsp_lcd.o
    0x080022fe   0x080022fe   0x00000002   PAD
    0x08002300   0x08002300   0x00000034   Code   RO          934    i.SPI2_IRQHandler   bsp_spi.o
    0x08002334   0x08002334   0x0000000e   Code   RO         6290    i.SPI_I2S_GetFlagStatus  stm32f4xx_spi.o
    0x08002342   0x08002342   0x00000004   Code   RO         6293    i.SPI_I2S_ReceiveData  stm32f4xx_spi.o
    0x08002346   0x08002346   0x00000002   PAD
    0x08002348   0x08002348   0x0000005c   Code   RO         1741    i.SPI_Write         ad9833_spi.o
    0x080023a4   0x080023a4   0x00000002   Code   RO          267    i.SVC_Handler       stm32f4xx_it.o
    0x080023a6   0x080023a6   0x00000002   PAD
    0x080023a8   0x080023a8   0x000000b8   Code   RO          358    i.SetSysClock       system_stm32f4xx.o
    0x08002460   0x08002460   0x0000001c   Code   RO         2582    i.SysTick_CLKSourceConfig  misc.o
    0x0800247c   0x0800247c   0x00000002   Code   RO          268    i.SysTick_Handler   stm32f4xx_it.o
    0x0800247e   0x0800247e   0x00000002   PAD
    0x08002480   0x08002480   0x0000005c   Code   RO          360    i.SystemInit        system_stm32f4xx.o
    0x080024dc   0x080024dc   0x000000b4   Code   RO         1978    i.TIM2_IRQHandler   bsp_timer.o
    0x08002590   0x08002590   0x00000040   Code   RO         1981    i.TIM3_IRQHandler   bsp_timer.o
    0x080025d0   0x080025d0   0x00000084   Code   RO         1984    i.TIM4_IRQHandler   bsp_timer.o
    0x08002654   0x08002654   0x00000006   Code   RO         6507    i.TIM_ClearITPendingBit  stm32f4xx_tim.o
    0x0800265a   0x0800265a   0x00000004   Code   RO         6527    i.TIM_GetCapture1   stm32f4xx_tim.o
    0x0800265e   0x0800265e   0x00000004   Code   RO         6528    i.TIM_GetCapture2   stm32f4xx_tim.o
    0x08002662   0x08002662   0x00000004   Code   RO         6529    i.TIM_GetCapture3   stm32f4xx_tim.o
    0x08002666   0x08002666   0x00000004   Code   RO         6530    i.TIM_GetCapture4   stm32f4xx_tim.o
    0x0800266a   0x0800266a   0x00000018   Code   RO         6533    i.TIM_GetITStatus   stm32f4xx_tim.o
    0x08002682   0x08002682   0x00000004   Code   RO         6574    i.TIM_SetCompare1   stm32f4xx_tim.o
    0x08002686   0x08002686   0x00000004   Code   RO         6575    i.TIM_SetCompare2   stm32f4xx_tim.o
    0x0800268a   0x0800268a   0x00000004   Code   RO         6576    i.TIM_SetCompare3   stm32f4xx_tim.o
    0x0800268e   0x0800268e   0x00000004   Code   RO         6577    i.TIM_SetCompare4   stm32f4xx_tim.o
    0x08002692   0x08002692   0x00000002   PAD
    0x08002694   0x08002694   0x00000174   Code   RO         2245    i.TP_Adj_Info_Show  bsp_touch.o
    0x08002808   0x08002808   0x00000648   Code   RO         2246    i.TP_Adjust         bsp_touch.o
    0x08002e50   0x08002e50   0x00000074   Code   RO         2248    i.TP_Drow_Touch_Point  bsp_touch.o
    0x08002ec4   0x08002ec4   0x00000030   Code   RO         2249    i.TP_Init           bsp_touch.o
    0x08002ef4   0x08002ef4   0x0000007c   Code   RO         2250    i.TP_Read_AD        bsp_touch.o
    0x08002f70   0x08002f70   0x00000062   Code   RO         2251    i.TP_Read_XOY       bsp_touch.o
    0x08002fd2   0x08002fd2   0x00000002   PAD
    0x08002fd4   0x08002fd4   0x00000028   Code   RO         2252    i.TP_Read_XY        bsp_touch.o
    0x08002ffc   0x08002ffc   0x00000086   Code   RO         2253    i.TP_Read_XY2       bsp_touch.o
    0x08003082   0x08003082   0x00000002   PAD
    0x08003084   0x08003084   0x000000c0   Code   RO         2254    i.TP_Scan           bsp_touch.o
    0x08003144   0x08003144   0x00000048   Code   RO         2255    i.TP_Write_Byte     bsp_touch.o
    0x0800318c   0x0800318c   0x00000054   Code   RO         1608    i.UART4_IRQHandler  bsp_ch9121.o
    0x080031e0   0x080031e0   0x00000068   Code   RO         2503    i.USART1_IRQHandler  usart.o
    0x08003248   0x08003248   0x0000009c   Code   RO         2087    i.USART3_IRQHandler  bsp_esp8266.o
    0x080032e4   0x080032e4   0x00000034   Code   RO         1576    i.USART6_IRQHandler  bsp_uart6.o
    0x08003318   0x08003318   0x00000018   Code   RO         7062    i.USART_Cmd         stm32f4xx_usart.o
    0x08003330   0x08003330   0x00000040   Code   RO         7066    i.USART_GetITStatus  stm32f4xx_usart.o
    0x08003370   0x08003370   0x00000036   Code   RO         7068    i.USART_ITConfig    stm32f4xx_usart.o
    0x080033a6   0x080033a6   0x00000002   PAD
    0x080033a8   0x080033a8   0x000000bc   Code   RO         7069    i.USART_Init        stm32f4xx_usart.o
    0x08003464   0x08003464   0x00000008   Code   RO         7076    i.USART_ReceiveData  stm32f4xx_usart.o
    0x0800346c   0x0800346c   0x00000008   Code   RO         7079    i.USART_SendData    stm32f4xx_usart.o
    0x08003474   0x08003474   0x00000002   Code   RO          269    i.UsageFault_Handler  stm32f4xx_it.o
    0x08003476   0x08003476   0x00000002   PAD
    0x08003478   0x08003478   0x00000020   Code   RO         7834    i.__0printf         mc_w.l(printfa.o)
    0x08003498   0x08003498   0x0000007a   Code   RO         7580    i.__hardfp_sqrt     m_wm.l(sqrt_full.o)
    0x08003512   0x08003512   0x0000000e   Code   RO         7928    i.__scatterload_copy  mc_w.l(handlers.o)
    0x08003520   0x08003520   0x00000002   Code   RO         7929    i.__scatterload_null  mc_w.l(handlers.o)
    0x08003522   0x08003522   0x0000000e   Code   RO         7930    i.__scatterload_zeroinit  mc_w.l(handlers.o)
    0x08003530   0x08003530   0x0000000c   Code   RO         7904    i.__set_errno       mc_w.l(errno.o)
    0x0800353c   0x0800353c   0x00000184   Code   RO         7841    i._fp_digits        mc_w.l(printfa.o)
    0x080036c0   0x080036c0   0x000006dc   Code   RO         7842    i._printf_core      mc_w.l(printfa.o)
    0x08003d9c   0x08003d9c   0x00000024   Code   RO         7843    i._printf_post_padding  mc_w.l(printfa.o)
    0x08003dc0   0x08003dc0   0x0000002e   Code   RO         7844    i._printf_pre_padding  mc_w.l(printfa.o)
    0x08003dee   0x08003dee   0x00000002   PAD
    0x08003df0   0x08003df0   0x000000c0   Code   RO         1906    i.adc1_channel_init  bsp_adc.o
    0x08003eb0   0x08003eb0   0x000001b8   Code   RO          401    i.amp_freq_curve    app.o
    0x08004068   0x08004068   0x000001fc   Code   RO         1907    i.bsp_InitADC       bsp_adc.o
    0x08004264   0x08004264   0x0000004c   Code   RO         1820    i.bsp_InitDAC1      bsp_dac.o
    0x080042b0   0x080042b0   0x0000004c   Code   RO         1821    i.bsp_InitDAC2      bsp_dac.o
    0x080042fc   0x080042fc   0x00000060   Code   RO          547    i.bsp_init          bsp.o
    0x0800435c   0x0800435c   0x00000054   Code   RO          404    i.c2_fres           app.o
    0x080043b0   0x080043b0   0x00000054   Code   RO          405    i.c3_fres           app.o
    0x08004404   0x08004404   0x000002b8   Code   RO          406    i.cut_cap           app.o
    0x080046bc   0x080046bc   0x0000002c   Code   RO         2444    i.delay_init        delay.o
    0x080046e8   0x080046e8   0x00000034   Code   RO         2445    i.delay_ms          delay.o
    0x0800471c   0x0800471c   0x00000034   Code   RO         2446    i.delay_us          delay.o
    0x08004750   0x08004750   0x00000034   Code   RO         2447    i.delay_xms         delay.o
    0x08004784   0x08004784   0x00000108   Code   RO          407    i.display_menu      app.o
    0x0800488c   0x0800488c   0x0000013c   Code   RO          408    i.display_menu_B    app.o
    0x080049c8   0x080049c8   0x00000014   Code   RO         2508    i.fputc             usart.o
    0x080049dc   0x080049dc   0x00000024   Code   RO         1742    i.freq_trl_word     ad9833_spi.o
    0x08004a00   0x08004a00   0x00000058   Code   RO          409    i.gain_calc         app.o
    0x08004a58   0x08004a58   0x0000007c   Code   RO         1031    i.hmc472_init       bsp_hmc472a.o
    0x08004ad4   0x08004ad4   0x0000004c   Code   RO          980    i.init_key          bsp_key.o
    0x08004b20   0x08004b20   0x00000104   Code   RO          411    i.input_res_calc    app.o
    0x08004c24   0x08004c24   0x0000007c   Code   RO          982    i.key_scan          bsp_key.o
    0x08004ca0   0x08004ca0   0x00000040   Code   RO          914    i.led_gpio_init     bsp_led.o
    0x08004ce0   0x08004ce0   0x0000036c   Code   RO            3    i.main              main.o
    0x0800504c   0x0800504c   0x000000e8   Code   RO          412    i.measure_select    app.o
    0x08005134   0x08005134   0x00000108   Code   RO          413    i.output_res_calc   app.o
    0x0800523c   0x0800523c   0x00000084   Code   RO         1056    i.pe4302_a_set      bsp_pe4302.o
    0x080052c0   0x080052c0   0x0000006c   Code   RO         1058    i.pe4302_gpio_init  bsp_pe4302.o
    0x0800532c   0x0800532c   0x00000440   Code   RO          414    i.res_judge         app.o
    0x0800576c   0x0800576c   0x00000028   Code   RO          936    i.spi_read_byte     bsp_spi.o
    0x08005794   0x08005794   0x000000ac   Code   RO         2509    i.uart_init         usart.o
    0x08005840   0x08005840   0x000000fc   Code   RO          415    i.update_display    app.o
    0x0800593c   0x0800593c   0x000017c0   Data   RO          632    .constdata          bsp_lcd.o
    0x080070fc   0x080070fc   0x00000004   Data   RO         2256    .constdata          bsp_touch.o
    0x08007100   0x08007100   0x0000000a   Data   RO         2338    .constdata          bsp_ft6236.o
    0x0800710a   0x0800710a   0x00000002   PAD
    0x0800710c   0x0800710c   0x00000079   Data   RO         2257    .conststring        bsp_touch.o
    0x08007185   0x08007185   0x00000003   PAD
    0x08007188   0x08007188   0x00000020   Data   RO         7926    Region$$Table       anon$$obj.o


    Execution Region RW_IRAM1 (Exec base: 0x20000000, Load base: 0x080071a8, Size: 0x00000db8, Max: 0x00020000, ABSOLUTE)

    Exec Addr    Load Addr    Size         Type   Attr      Idx    E Section Name        Object

    0x20000000   0x080071a8   0x00000001   Data   RW            4    .data               main.o
    0x20000001   0x080071a9   0x00000003   PAD
    0x20000004   0x080071ac   0x00000010   Data   RW          417    .data               app.o
    0x20000014   0x080071bc   0x0000000c   Data   RW          633    .data               bsp_lcd.o
    0x20000020   0x080071c8   0x00000002   Data   RW          984    .data               bsp_key.o
    0x20000022   0x080071ca   0x00000002   PAD
    0x20000024   0x080071cc   0x00000010   Data   RW         1505    .data               bsp_adf4351.o
    0x20000034   0x080071dc   0x00000030   Data   RW         1628    .data               bsp_ch9121.o
    0x20000064   0x0800720c   0x00000002   Data   RW         1909    .data               bsp_adc.o
    0x20000066   0x0800720e   0x00000002   Data   RW         1987    .data               bsp_timer.o
    0x20000068   0x08007210   0x00000001   Data   RW         2091    .data               bsp_esp8266.o
    0x20000069   0x08007211   0x00000001   PAD
    0x2000006a   0x08007212   0x00000004   Data   RW         2258    .data               bsp_touch.o
    0x2000006e   0x08007216   0x00000002   PAD
    0x20000070   0x08007218   0x00000038   Data   RW         2259    .data               bsp_touch.o
    0x200000a8   0x08007250   0x00000001   Data   RW         2339    .data               bsp_ft6236.o
    0x200000a9   0x08007251   0x00000001   PAD
    0x200000aa   0x08007252   0x00000004   Data   RW         2448    .data               delay.o
    0x200000ae   0x08007256   0x00000002   Data   RW         2511    .data               usart.o
    0x200000b0   0x08007258   0x00000004   Data   RW         2512    .data               usart.o
    0x200000b4   0x0800725c   0x00000010   Data   RW         5218    .data               stm32f4xx_rcc.o
    0x200000c4   0x0800726c   0x00000004   Data   RW         7905    .data               mc_w.l(errno.o)
    0x200000c8        -       0x00000024   Zero   RW          416    .bss                app.o
    0x200000ec        -       0x00000400   Zero   RW         1627    .bss                bsp_ch9121.o
    0x200004ec        -       0x00000402   Zero   RW         2090    .bss                bsp_esp8266.o
    0x200008ee        -       0x000000c8   Zero   RW         2510    .bss                usart.o
    0x200009b6   0x08007270   0x00000002   PAD
    0x200009b8        -       0x00000400   Zero   RW         2569    STACK               startup_stm32f40_41xxx.o


==============================================================================

Image component sizes


      Code (inc. data)   RO Data    RW Data    ZI Data      Debug   Object Name

       344         28          0          0          0       4587   ad9833_spi.o
      4586       1166          0         16         36      14860   app.o
        96         12          0          0          0      27078   bsp.o
       924         58          0          2          0       5609   bsp_adc.o
         0          0          0         16          0       1447   bsp_adf4351.o
        84         18          0         48       1024       3346   bsp_ch9121.o
       542         66          0          0          0       5493   bsp_ctiic.o
       152         12          0          0          0       1278   bsp_dac.o
       156         30          0          1       1026       3458   bsp_esp8266.o
       676         34         10          1          0       3917   bsp_ft6236.o
       124         10          0          0          0        650   bsp_hmc472a.o
       200         26          0          2          0       2274   bsp_key.o
      3108        150       6080         12          0      20636   bsp_lcd.o
        64          6          0          0          0        592   bsp_led.o
       240         14          0          0          0       1402   bsp_pe4302.o
        92         24          0          0          0       1170   bsp_spi.o
       376         50          0          2          0       2063   bsp_timer.o
      2804        194        125         60          0      10263   bsp_touch.o
        52         10          0          0          0        624   bsp_uart6.o
       200         16          0          4          0       2757   delay.o
       876        204          0          1          0     330341   main.o
       132          6          0          0          0       1706   misc.o
        36          8        392          0       1024        860   startup_stm32f40_41xxx.o
       350         26          0          0          0       7297   stm32f4xx_adc.o
        72         10          0          0          0       1969   stm32f4xx_dac.o
       108          4          0          0          0       2517   stm32f4xx_dma.o
       238          6          0          0          0       1985   stm32f4xx_fsmc.o
       176          0          0          0          0       3679   stm32f4xx_gpio.o
        18          0          0          0          0       4318   stm32f4xx_it.o
       272         36          0         16          0       5648   stm32f4xx_rcc.o
        18          0          0          0          0       1870   stm32f4xx_spi.o
        62          0          0          0          0       6582   stm32f4xx_tim.o
       346          8          0          0          0       5343   stm32f4xx_usart.o
       276         34          0          0          0       1569   system_stm32f4xx.o
       296         26          0          6        200       3952   usart.o

    ----------------------------------------------------------------------
     18138       2292       6644        196       3312     493140   Object Totals
         0          0         32          0          0          0   (incl. Generated)
        42          0          5          9          2          0   (incl. Padding)

    ----------------------------------------------------------------------

      Code (inc. data)   RO Data    RW Data    ZI Data      Debug   Library Member Name

       122          0          0          0          0        148   sqrt_full.o
         0          0          0          0          0          0   entry.o
         0          0          0          0          0          0   entry10a.o
         0          0          0          0          0          0   entry11a.o
         8          4          0          0          0          0   entry2.o
         4          0          0          0          0          0   entry5.o
         0          0          0          0          0          0   entry7b.o
         0          0          0          0          0          0   entry8b.o
         8          4          0          0          0          0   entry9a.o
        12          6          0          4          0         68   errno.o
        30          0          0          0          0          0   handlers.o
        36          8          0          0          0         68   init.o
         0          0          0          0          0          0   iusefp.o
        30          0          0          0          0         68   llshl.o
        36          0          0          0          0         68   llsshr.o
        32          0          0          0          0         68   llushr.o
      2258         90          0          0          0        452   printfa.o
        36          0          0          0          0         80   strstr.o
        44          0          0          0          0         80   uidiv.o
        98          0          0          0          0         92   uldiv.o
        48          0          0          0          0         68   cdcmple.o
        48          0          0          0          0         68   cdrcmple.o
        56          0          0          0          0         88   d2f.o
       334          0          0          0          0        148   dadd.o
       222          0          0          0          0        100   ddiv.o
       186          0          0          0          0        176   depilogue.o
        50          0          0          0          0         76   dfixui.o
        48          0          0          0          0         68   dfixul.o
        26          0          0          0          0         76   dfltui.o
       228          0          0          0          0         96   dmul.o
       162          0          0          0          0        100   dsqrt.o
        38          0          0          0          0         68   f2d.o
       110          0          0          0          0        168   fepilogue.o

    ----------------------------------------------------------------------
      4314        112          0          4          0       2492   Library Totals
         4          0          0          0          0          0   (incl. Padding)

    ----------------------------------------------------------------------

      Code (inc. data)   RO Data    RW Data    ZI Data      Debug   Library Name

       122          0          0          0          0        148   m_wm.l
      2632        112          0          4          0       1044   mc_w.l
      1556          0          0          0          0       1300   mf_w.l

    ----------------------------------------------------------------------
      4314        112          0          4          0       2492   Library Totals

    ----------------------------------------------------------------------

==============================================================================


      Code (inc. data)   RO Data    RW Data    ZI Data      Debug   

     22452       2404       6644        200       3312     479640   Grand Totals
     22452       2404       6644        200       3312     479640   ELF Image Totals
     22452       2404       6644        200          0          0   ROM Totals

==============================================================================

    Total RO  Size (Code + RO Data)                29096 (  28.41kB)
    Total RW  Size (RW Data + ZI Data)              3512 (   3.43kB)
    Total ROM Size (Code + RO Data + RW Data)      29296 (  28.61kB)

==============================================================================

